### P1 Elixir stdlib module, ERL_LIBS unset: compile, then run
compile rc=0
crashed: error:undef
run rc=1
### P1 same program, ERL_LIBS=Elixir lib dir
"HI"
run rc=0
### P2 module that exists nowhere (Elixir.NoSuchLibrary)
compile rc=0
crashed: error:undef
run rc=1
### P3 Erlang module that exists nowhere
compile rc=0
crashed: error:undef
run rc=1
### P4 synthetic 'req' app (stand-in for Req; hex unreachable here) in two layouts
-- no ERL_LIBS
crashed: error:undef
-- ERL_LIBS=otp_style (req-0.7.3/ebin)
{__struct__ = :'Elixir.Req.Request', opts = []}
-- ERL_LIBS=mix_style (req/ebin)
{__struct__ = :'Elixir.Req.Request', opts = []}
### P5 what the .beam already records
ImpT: [{'Elixir.String',upcase,1},
       {erlang,get_module_info,1},
       {erlang,get_module_info,2}]
chunks: ["AtU8","Code","StrT","ImpT","ExpT","LocT","Attr","CInf","Dbgi",
         "Line","Type"]
