== building variant: attr
   yecc: shift/reduce conflicts reported: 232
   erlc errors: none
== building variant: inline
   yecc: shift/reduce conflicts reported: 232
   erlc errors: none
== building variant: module
   yecc: shift/reduce conflicts reported: 232
   erlc errors: none

=================== spelling: attr
   | [app: fakelib]
   | using :fakelib_mod {
   |     int hello()
P1 stock compiler : src/Vattr/Vattr.bs:2:1: error: syntax error before: '['
ok  P1 stock refuses attr
P2 patched, app present: 42
ok  P2 attr runs with the app present
P3 patched, app absent : src/Vattr/Vattr.bs:3:1: error: application `fakelib` (needed by :fakelib_mod) is not on the code path
  add its lib directory to ERL_LIBS, or remove the declaration
ok  P3 attr refused at compile time
ok  P3 ... not a run-time crash

=================== spelling: inline
   | using :fakelib_mod in :fakelib {
   |     int hello()
   | }
P1 stock compiler : src/Vinline/Vinline.bs:2:20: error: syntax error before: in
ok  P1 stock refuses inline
P2 patched, app present: 42
ok  P2 inline runs with the app present
P3 patched, app absent : src/Vinline/Vinline.bs:2:1: error: application `fakelib` (needed by :fakelib_mod) is not on the code path
  add its lib directory to ERL_LIBS, or remove the declaration
ok  P3 inline refused at compile time
ok  P3 ... not a run-time crash

=================== spelling: module
   | needs :fakelib
   | 
   | using :fakelib_mod {
P1 stock compiler : src/Vmodule/Vmodule.bs:2:7: error: syntax error before: fakelib
ok  P1 stock refuses module
P2 patched, app present: 42
ok  P2 module runs with the app present
P3 patched, app absent : src/Vmodule/Vmodule.bs:2:1: error: application `fakelib` (needed by the module) is not on the code path
  add its lib directory to ERL_LIBS, or remove the declaration
ok  P3 module refused at compile time
ok  P3 ... not a run-time crash

=================== P5 regression control: compiler/examples, stock vs patched
module dirs: 34   identical under stock and all three patched compilers: 34   differing: 0   (of which stock itself exits non-zero: 7)
ok  P5 no regression

=================== P4/P6 compiler delta
--- attr:
   bs_parser.yrl    8 changed lines
   bs_check.erl    21 changed lines
   bs_emit.erl      1 changed lines
   bs_diag.erl      7 changed lines
   total 37 changed lines (diff '<' + '>' ; includes the shared check/emit/diag part)
--- inline:
   bs_parser.yrl    5 changed lines
   bs_check.erl    21 changed lines
   bs_emit.erl      1 changed lines
   bs_diag.erl      7 changed lines
   total 34 changed lines (diff '<' + '>' ; includes the shared check/emit/diag part)
--- module:
   bs_parser.yrl    7 changed lines
   bs_check.erl    21 changed lines
   bs_emit.erl      1 changed lines
   bs_diag.erl      7 changed lines
   total 36 changed lines (diff '<' + '>' ; includes the shared check/emit/diag part)
--- the part that is NOT shared between spellings (parser only):
   attr    8 changed lines in bs_parser.yrl
   inline  5 changed lines in bs_parser.yrl
   module  7 changed lines in bs_parser.yrl
stock yecc conflicts: 232
attr yecc conflicts: 232
inline yecc conflicts: 232
module yecc conflicts: 232
ok  P4 attr same conflict count as stock
ok  P4 inline same conflict count as stock
ok  P4 module same conflict count as stock

ALL CLAIMS HELD
