GeMinus5               refused(rc=1)
    | /tmp/tmp.OiR6y6Pyj7/GeMinus5/a.bs:3:1: error: this refinement is not a predicate the checker can read
    |   a refinement narrows a type, so the compiler has to be able to
    |   reason about it: comparisons on `value`, joined with `and`/`or`.
    |   `int where value >= 0 and value <= 255` is one.
    |   A predicate that reads the value instead \x{2014} `WellFormed(value)` \x{2014}
    |   is the O(n) tier. It is established once at a boundary and never
    |   reasoned about, and this compiler has no site to establish it at.
GeMinus5AndLe5         refused(rc=1)
    | /tmp/tmp.OiR6y6Pyj7/GeMinus5AndLe5/a.bs:3:1: error: this refinement is not a predicate the checker can read
    |   a refinement narrows a type, so the compiler has to be able to
    |   reason about it: comparisons on `value`, joined with `and`/`or`.
    |   `int where value >= 0 and value <= 255` is one.
    |   A predicate that reads the value instead \x{2014} `WellFormed(value)` \x{2014}
    |   is the O(n) tier. It is established once at a boundary and never
    |   reasoned about, and this compiler has no site to establish it at.
Ge1OrLeMinus1          refused(rc=1)
    | /tmp/tmp.OiR6y6Pyj7/Ge1OrLeMinus1/a.bs:3:1: error: this refinement is not a predicate the checker can read
    |   a refinement narrows a type, so the compiler has to be able to
    |   reason about it: comparisons on `value`, joined with `and`/`or`.
    |   `int where value >= 0 and value <= 255` is one.
    |   A predicate that reads the value instead \x{2014} `WellFormed(value)` \x{2014}
    |   is the O(n) tier. It is established once at a boundary and never
    |   reasoned about, and this compiler has no site to establish it at.
Le3OrGe10              accepted
NeZero                 accepted
Pattern_LeMinus1       accepted
