== erlc +to_core (no output = no warning/error)
== parser output, erl_parse
-5.                          {ok,[{op,1,'-',{integer,1,5}}]}
2+3.                         {ok,[{op,1,'+',{integer,1,2},{integer,1,3}}]}
-(5).                        {ok,[{op,1,'-',{integer,1,5}}]}
- -5.                        {ok,[{op,1,'-',{op,1,'-',{integer,1,5}}}]}
== BEAM asm: guard comparand and pattern are plain integer -5
24:    {test,is_ge,{f,5},[{x,0},{integer,-5}]}.
37:    {select_val,{x,0},{f,10},{list,[{integer,-5},{f,9},{integer,5},{f,8}]}}.
54:    {test,is_ge,{f,13},[{x,0},{integer,5}]}.
== Core Erlang: pattern literal and guard
50:	      <-5> when 'true' ->
53:	      <5> when 'true' ->
56:	      <-5> when 'true' ->
== Core Erlang: guard comparand of f/1 (to_core runs after the Core optimisations, so this does not isolate v3_core from sys_core_fold)
32-		   -| [{'function',{'f',1}}] ) of
33-	      <X>
34:		  when call 'erlang':'>='
35-			(( _0
36-			   -| [{'function',{'f',1}}] ),
37-			 -5) ->
38-		  'a'
--
68-		   -| [{'function',{'h',1}}] ) of
69-	      <X>
70:		  when call 'erlang':'>='
71-			(( _0
72-			   -| [{'function',{'h',1}}] ),
73-			 5) ->
74-		  'big'
