== callers of alternatives/1 and the readers it uses (bs_check.erl)
1883:    case alternatives(Pred) of
4593:    case alternatives(Expr) of
4606:alternatives({e_op, _, 'or', L, R}) ->
4607:    case {alternatives(L), alternatives(R)} of
4612:alternatives({e_op, _, 'and', L, R}) ->
4613:    case {alternatives(L), alternatives(R)} of
4618:alternatives(Cmp) ->
4619:    case comparison(Cmp) of
4624:comparison({e_op, _, Op, {e_var, _, V}, {e_int, _, K}}) -> int_cmp(Op, V, K);
4625:comparison({e_op, _, Op, {e_int, _, K}, {e_var, _, V}}) -> int_cmp(flip(Op), V, K);
4626:comparison({e_op, _, '==', {e_var, _, V}, {e_atom, _, A}}) ->
4628:comparison({e_op, _, '!=', {e_var, _, V}, {e_atom, _, A}}) ->
4630:comparison(_) ->
4633:int_cmp('>',  V, K) -> {V, {include, bs_types:range(K + 1, pos_inf)}};
4634:int_cmp('>=', V, K) -> {V, {include, bs_types:range(K, pos_inf)}};
4635:int_cmp('<',  V, K) -> {V, {include, bs_types:range(neg_inf, K - 1)}};
4636:int_cmp('<=', V, K) -> {V, {include, bs_types:range(neg_inf, K)}};
4637:int_cmp('==', V, K) -> {V, {include, bs_types:range(K, K)}};
4638:int_cmp('!=', V, K) -> {V, {exclude, bs_types:range(K, K)}};
4639:int_cmp(_, _, _)    -> unknown.
4641:flip('>')  -> '<';
4642:flip('<')  -> '>';
4643:flip('>=') -> '<=';
4644:flip('<=') -> '>=';
4645:flip(Op)   -> Op.
== every construction/consumption of e_neg across compiler/src
bs_check.erl:2548:expr_vars({e_neg, _, E})               -> expr_vars(E);
bs_check.erl:2807:type_of({e_neg, _, E}, S, C) ->
bs_emit.erl:724:used_vars({e_neg, _, E}, Acc)        -> used_vars(E, Acc);
bs_emit.erl:1022:expr({e_neg, L, E}, C)        -> {op, L, '-', expr(E, C)};
bs_parser.yrl:580:%% Unary minus is a node of its own, `e_neg`, since F51: it used to lower to
bs_parser.yrl:908:negate(L, E)                 -> {e_neg, L, E}.
== emitter mirrors of comparison/1 that match {e_int,_,_} literally
622:                           Ts ++ [with_kind(rel_expr(P, V), V, L, Known)],
650:rel_expr({p_rel, L, Op, K}, V) -> {e_op, L, Op, {e_var, L, V}, {e_int, L, K}};
651:rel_expr({p_and, L, A, B}, V)  -> {e_op, L, 'and', rel_expr(A, V), rel_expr(B, V)};
652:rel_expr({p_or,  L, A, B}, V)  -> {e_op, L, 'or',  rel_expr(A, V), rel_expr(B, V)}.
683:kind_tested({guard, Expr}, Skip) -> {guard, kind_expr(Expr, Skip)}.
685:kind_expr({e_op, L, Op, A, B}, Skip) when Op =:= 'and'; Op =:= 'or' ->
686:    {e_op, L, Op, kind_expr(A, Skip), kind_expr(B, Skip)};
687:kind_expr(E = {e_op, L, Op, {e_var, _, V}, {e_int, _, _}}, Skip) ->
689:kind_expr(E = {e_op, L, Op, {e_int, _, _}, {e_var, _, V}}, Skip) ->
691:kind_expr(E, _Skip) ->
== who calls refine/3 and the opaque_refinement diagnostic
bs_check.erl:1877:    refine(resolve(Base, Env, Seen), Pred, Line).
bs_check.erl:1882:refine(Base, Pred, Line) ->
bs_check.erl:1884:        unknown -> erlang:error({opaque_refinement, Line});
bs_check.erl:1889:                true  -> erlang:error({opaque_refinement, Line});
bs_diag.erl:591:built(Path, {opaque_refinement, Line}) ->
bs_diag.erl:592:    #{tag => opaque_refinement, severity => error, file => Path, line => Line};
bs_diag.erl:1836:message(#{tag := opaque_refinement, file := P, line := L, column := C}) ->
== parser productions that build p_int / p_rel / int_lit / e_int / negate
17:  rel_pattern rel_test int_lit refinement
386:pattern -> integer             : {p_int, line('$1'), value('$1')}.
390:pattern -> '-' integer         : {p_int, line('$1'), -value('$2')}.
437:bin_segment -> int_lit ':' integer    : {seg_int,  line('$2'), '$1', value('$3')}.
456:rel_test -> '>=' int_lit : {p_rel, line('$1'), '>=', '$2'}.
457:rel_test -> '>'  int_lit : {p_rel, line('$1'), '>',  '$2'}.
458:rel_test -> '<=' int_lit : {p_rel, line('$1'), '<=', '$2'}.
459:rel_test -> '<'  int_lit : {p_rel, line('$1'), '<',  '$2'}.
464:int_lit -> integer     : value('$1').
465:int_lit -> '-' integer : -value('$2').
577:expr_low -> integer  : {e_int, line('$1'), value('$1')}.
582:%% one, refused. A negated float LITERAL folds to the literal, so `-0.0` is
584:expr_low -> '-' expr_low : negate(line('$1'), '$2').
706:%% is: `bs_lower:pipe_into/3` emits the call node here, so the checker and
708:expr_low -> expr_low '|>' call : bs_lower:pipe_into(line('$2'), '$1', '$3').
845:to_match({e_int, L, N})   -> {p_int, L, N};
893:to_param({e_int, L, N})   -> {p_int, L, N};
905:%% A negated float literal is the literal; anything else is the BEAM's unary
907:negate(_L, {e_float, FL, F}) -> {e_float, FL, -F};
908:negate(L, E)                 -> {e_neg, L, E}.
== other consumers of a refinement expr besides refine/3 and apply_guard/3
bs_check.erl:379:        ++ [resolve({t_ref, N}, Env) || {type_refined, _, N, _, _} <- Decls]
bs_check.erl:384:        ++ [N || {type_refined, _, N, _, _} <- Decls]
bs_check.erl:1093:collapse_decl({type_refined, L, N, Base, _}, Env) ->
bs_check.erl:1232:        ++ [{N, L} || {type_refined, L, N, _, _} <- Decls]
bs_check.erl:1240:               || {type_refined, L, N, Base, Pred} <- Decls],
bs_check.erl:1733:            ++ [{N, L} || {type_refined, L, N, _, _} <- Decls]
