## baseline: Rules WITHOUT within, HEAD compiler
exit=0
## prototype: Rules WITH within
exit=0
/tmp/o60_plain:
total 8
-rw-r--r-- 1 root root 901 Oct  4 23:14 Acme.Orders.Rules.abstr
-rw-r--r-- 1 root root 956 Oct  4 23:14 Acme.Orders.Rules.beam

/tmp/o60_within:
total 8
-rw-r--r-- 1 root root 901 Oct  4 23:14 Acme.Orders.Rules.abstr
-rw-r--r-- 1 root root 960 Oct  4 23:14 Acme.Orders.Rules.beam
## byte comparison
/tmp/o60_plain/Acme.Orders.Rules.beam /tmp/o60_within/Acme.Orders.Rules.beam differ: char 8, line 1
## chunks of the restricted module (attributes, exports) from the prototype build
attributes=[{vsn,[219453645441650633527267560192747725355]}]
exports=[{'Recompute',1},{bs@type_atoms,0},{module_info,0},{module_info,1}]

## and an ordinary Erlang module that sits OUTSIDE the subtree calls it at run time (a compiled caller; no B# checker involved)
outsider:go() = 60

## and the REPL-style apply, no source at all:
6
