## 1. HEAD: what the compiler publishes for Shop.Orders (bsc --api)
module Shop.Orders
int Apply(list<int>)
int Net(int)

## 2. HEAD: the test module calls Discount/1 (same-module helper, private by default) -> refused by F12 alone
Shop/OrdersTests/OrdersTests.bs:11:9: error: T2 calls Discount/1, which Shop.Orders declares `private`
  a private function is not exported, so no other module can
  reach it. Mark it `public` in Shop.Orders, or move the call inside it.
exit=1

## 3. HEAD: delete T2; the test module calls Totals.Recompute (public because Shop.Orders needs it) -> compiles and runs
6
exit=0

## 4. PROTOTYPE: Totals says  within Shop.Orders ; the test module (Shop.OrdersTests) is a SIBLING
Shop/OrdersTests/OrdersTests.bs:4:1: error: `using Shop.Orders.Totals` -- Shop.Orders.Totals is declared `within Shop.Orders`, and Shop.OrdersTests is outside it
  only modules at or under Shop.Orders may name Shop.Orders.Totals. Move this module under Shop.Orders,
  or call a public function of a module that is not restricted.
exit=1

## 5. PROTOTYPE: ... and the same test moved INSIDE the subtree as Shop.Orders.Tests (deliberate placement) compiles
6
exit=0

## 6. PROTOTYPE: what --api publishes now (does the manifest know Totals is restricted?)
module Shop.Orders.Totals
int Recompute(list<int>)
