-- [base] Billing (the parent) uses its own Internal.Ledger: accepted either way
42
exit=0
-- [proto] Billing (the parent) uses its own Internal.Ledger: accepted either way
42
exit=0
-- [base] Billing.Reconcile (a descendant of the parent) uses it: accepted either way
42
exit=0
-- [proto] Billing.Reconcile (a descendant of the parent) uses it: accepted either way
42
exit=0
-- [base] Orders (outsider) uses only Billing's public face: accepted
42
exit=0
-- [proto] Orders (outsider) uses only Billing's public face: accepted
42
exit=0
-- [base] Orders passes the internal TYPE through Billing's public Open/Amt, never importing it
42
exit=0
-- [proto] Orders passes the internal TYPE through Billing's public Open/Amt, never importing it
42
exit=0
-- [base] Orders2 NAMES the internal type qualified, no using of its module
5
exit=0
-- [proto] Orders2 NAMES the internal type qualified, no using of its module
5
exit=0
-- [base] Peeker (outsider) says using Acme.Billing.Internal.Ledger: REFUSED by proto
42
exit=0
-- [proto] Peeker (outsider) says using Acme.Billing.Internal.Ledger: REFUSED by proto
src/Acme/Peeker/index.bs:3:1: error: `using Acme.Billing.Internal.Ledger` names an internal module
  a module under `Internal` is for Acme.Billing and the modules beneath it.
exit=1
-- [base] Peeker2 (outsider) imports the Internal NAMESPACE: REFUSED by proto
src/Acme/Peeker2/Peek.bs:4:31: error: Internal.Ledger is called but never imported
  add `using Internal.Ledger` — a file's `using` lines are its dependency list,
  and a call that skips them makes that list wrong.
exit=1
-- [proto] Peeker2 (outsider) imports the Internal NAMESPACE: REFUSED by proto
src/Acme/Peeker2/index.bs:4:1: error: `using Acme.Billing.Internal` names an internal module
  a module under `Internal` is for Acme.Billing and the modules beneath it.
exit=1
-- [base] Wide imports namespace Acme.Pay, calls the non-internal Core.Get
7
exit=0
-- [proto] Wide imports namespace Acme.Pay, calls the non-internal Core.Get
7
exit=0
-- [base] Wide2 imports the same namespace, calls Internal.Store.Put (outsider)
107
exit=0
-- [proto] Wide2 imports the same namespace, calls Internal.Store.Put (outsider)
src/Acme/Wide2/Use.bs:4:30: error: Internal.Store is called but never imported
  add `using Internal.Store` — a file's `using` lines are its dependency list,
  and a call that skips them makes that list wrong.
exit=1
