
W1 tag: private rec fn, 2 tag tests/iter (20M iters)
  BenchBase  ns/iter  min  44.092  median  48.935  max  58.125  (spread max-min *****)
  BenchBas2  ns/iter  min  44.249  median  48.464  max  54.193  (spread max-min 9.943)
  BenchTagA  ns/iter  min  15.307  median  18.010  max  24.087  (spread max-min 8.780)
  BenchKndB  ns/iter  min  45.984  median  50.159  max  59.795  (spread max-min *****)

W2 kind: private int loop, caller proven (50M iters)
  BenchBase  ns/iter  min   4.211  median   4.675  max   6.271  (spread max-min 2.060)
  BenchBas2  ns/iter  min   4.216  median   4.579  max   5.633  (spread max-min 1.417)
  BenchTagA  ns/iter  min   4.650  median   4.957  max   5.460  (spread max-min 0.809)
  BenchKndB  ns/iter  min   4.057  median   4.391  max   5.491  (spread max-min 1.434)

W3 kind: private fn mapped over list, unknown callers (20M elems)
  BenchBase  ns/iter  min  12.949  median  13.919  max  14.594  (spread max-min 1.645)
  BenchBas2  ns/iter  min  13.112  median  14.243  max  16.223  (spread max-min 3.111)
  BenchTagA  ns/iter  min  13.050  median  14.534  max  17.166  (spread max-min 4.116)
  BenchKndB  ns/iter  min  13.390  median  14.396  max  16.135  (spread max-min 2.745)

W4 kind: private loop, UNKNOWN-typed seed (20M iters)
  BenchBase  ns/iter  min   4.112  median   4.310  max   4.732  (spread max-min 0.620)
  BenchBas2  ns/iter  min   4.138  median   4.397  max   6.336  (spread max-min 2.198)
  BenchTagA  ns/iter  min   4.434  median   4.909  max   7.321  (spread max-min 2.888)
  BenchKndB  ns/iter  min   3.926  median   4.471  max   6.420  (spread max-min 2.494)

W5 tag: exactly ONE tag test per iteration (private GetA) (20M iters)
  BenchBase  ns/iter  min  23.991  median  25.882  max  29.801  (spread max-min 5.810)
  BenchBas2  ns/iter  min  24.298  median  25.229  max  28.826  (spread max-min 4.529)
  BenchTagA  ns/iter  min  15.636  median  16.354  max  18.620  (spread max-min 2.985)
  BenchKndB  ns/iter  min  24.919  median  26.780  max  29.448  (spread max-min 4.529)
