module                          priv  tagged   bytes strippe  delta
Aliasing                           1       0    1552    1552      0
Shop.Billing                       0       0    1392    1392      0
Shop                               0       0    2496    2496      0
Counter                            0       0    1728    1728      0
Escalate                           0       0    1332    1332      0
Fib                                2       0    1448    1448      0
Foreign                            1       0    2800    2800      0
Frame                              2       0    2912    2912      0
Intake                             7       0    3580    3580      0
Interop                            0       0    1400    1400      0
Label                              0       0    1880    1880      0
Ledger                             0       0    1552    1552      0
Levels                             0       0    1444    1444      0
Math                               0       0    2008    2008      0
Names                              0       0    1416    1416      0
Parcel                             0       0    1652    1652      0
Pipeline                           5       0    2344    2344      0
Shop.Collections.Ints              1       0    1304    1304      0
Queue                              0       0    2044    2044      0
Readings                           0       0    1244    1244      0
Shop.Rows                          2       0    2056    2056      0
Shop                               0       0    2496    2496      0
Signalbox                          0       0    3108    3108      0
Stats                              0       0    1596    1596      0
Wire                               0       0    2064    2064      0
TOTAL                             21       0   48848   48848      0
