  Creating PLT erts.plt ...
Unknown functions:
  auth:get_cookie/0 (erlang.erl:12453:5)
  auth:get_cookie/1 (erlang.erl:12465:5)
  auth:set_cookie/1 (erlang.erl:12418:5)
  auth:set_cookie/2 (erlang.erl:12440:5)
  code:all_loaded/0 (init.erl:1957:46)
  code:ensure_loaded/1 (init.erl:1570:10)
  erl_anno:new/1 (init.erl:1559:40)
  erl_eval:exprs/2 (init.erl:1562:32)
  erl_eval:new_bindings/0 (init.erl:1562:53)
  erl_parse:parse_exprs/1 (init.erl:1561:21)
  erl_scan:string/1 (init.erl:1556:21)
  error_logger:warning_msg/2 (erts_internal.erl:1078:5)
  erts_debug:get_internal_state/1 (erts_internal.erl:988:18)
  ets:safe_fixtable/2 (erts_internal.erl:960:9)
  file:copy_opened/3 (prim_file.erl:130:5)
  file:native_name_encoding/0 (init.erl:629:33)
  file:native_name_encoding/0 (prim_inet.erl:2240:11)
  file:native_name_encoding/0 (prim_socket.erl:1075:45)
  filename:absname/2 (init.erl:416:13)
  io:format/3 (init.erl:1952:27)
  io_lib:format/2 (init.erl:1951:33)
  kernel_refc:scheduler_wall_time/1 (erts_internal.erl:746:5)
  logger:info/3 (init.erl:867:33)
  maps:fold/3 (prim_socket.erl:996:9)
  maps:get/3 (socket_registry.erl:497:13)
  maps:keys/1 (socket_registry.erl:463:26)
  maps:map/2 (prim_socket.erl:1110:5)
  maps:take/2 (socket_registry.erl:612:5)
  maps:with/2 (prim_socket.erl:688:26)
  net_kernel:disconnect/1 (erlang.erl:11489:5)
  net_kernel:passive_cnct/1 (erlang.erl:12383:11)
  os:getenv/1 (prim_socket.erl:133:14)
  os:system_time/1 (erl_prim_loader.erl:459:31)
  os:system_time/1 (prim_file.erl:616:35)
  os:system_time/1 (socket_registry.erl:445:30)
  socket:info/1 (socket_registry.erl:468:32)
  unicode:characters_to_binary/2 (prim_inet.erl:2239:3)
  unicode:characters_to_binary/2 (prim_socket.erl:1075:10)
  unicode:characters_to_binary/3 (init.erl:905:16)
  unicode:characters_to_list/2 (init.erl:629:2)
Unknown types:
  calendar:date/0 (erlang.erl:1741:15)
  calendar:datetime/0 (erlang.erl:4222:19)
  calendar:time/0 (erlang.erl:4999:59)
  ets:table/0 (erts_internal.erl:948:14)
  file:date_time/0 (/build/source/bootstrap/lib/kernel/include/file.hrl:32:20)
  file:date_time/0 (/build/source/lib/kernel/include/file.hrl:32:20)
  file:date_time/0 (erl_prim_loader.erl:32:20)
  file:file_info/0 (/build/source/bootstrap/lib/stdlib/include/zip.hrl:25:16)
  file:file_info/0 (erl_prim_loader.erl:319:19)
  file:filename/0 (erl_prim_loader.erl:106:30)
  file:filename/0 (init.erl:452:36)
  file:name_all/0 (erlang.erl:7789:50)
  inet:port_number/0 (erlang.erl:1870:28)
  maps:iterator/0 (erts_internal.erl:455:13)
  os:env_var_name/0 (erlang.erl:7796:37)
  os:env_var_value/0 (erlang.erl:7796:63)
  socket:domain/0 (prim_net.erl:292:50)
  socket:protocol/0 (prim_net.erl:294:50)
  socket:sockaddr/0 (prim_net.erl:227:44)
  socket:socket/0 (socket_registry.erl:68:13)
  socket:type/0 (prim_net.erl:293:50)
  unicode:chardata/0 (erlang.erl:275:16)
  unicode:unicode_binary/0 (prim_file.erl:95:31)
 done in 0m2.24s
done (warnings were emitted)

real	0m2.537s
user	0m2.770s
sys	0m0.383s
