== Elixir lib via mix (system OTP 25 + Elixir 1.14; beams then loaded by OTP 28)
Compiling 2 files (.ex)
Generated greeter app
  built in 1244 ms
/tmp/p52/greeter_build/dev/lib/greeter/consolidated/Elixir.Collectable.beam
/tmp/p52/greeter_build/dev/lib/greeter/consolidated/Elixir.Enumerable.beam
/tmp/p52/greeter_build/dev/lib/greeter/consolidated/Elixir.IEx.Info.beam
/tmp/p52/greeter_build/dev/lib/greeter/consolidated/Elixir.Inspect.beam
/tmp/p52/greeter_build/dev/lib/greeter/consolidated/Elixir.List.Chars.beam
/tmp/p52/greeter_build/dev/lib/greeter/consolidated/Elixir.String.Chars.beam
/tmp/p52/greeter_build/dev/lib/greeter/ebin/Elixir.Greeter.Extra.beam
/tmp/p52/greeter_build/dev/lib/greeter/ebin/Elixir.Greeter.beam
/tmp/p52/greeter_build/dev/lib/greeter/ebin/greeter.app
== Erlang lib via rebar3 (OTP 28)
[0m[0;32m===> Analyzing applications...
[0m[0;32m===> Compiling rlib
[0m  built in 1579 ms
/tmp/p52/rlib_src/_build/default/lib/rlib/ebin/rlib.app
/tmp/p52/rlib_src/_build/default/lib/rlib/ebin/rlib.beam
/tmp/p52/rlib_src/_build/default/lib/rlib/ebin/rlib_util.beam
== Gleam lib via gleam (OTP 28)
  Resolving versions
  Compiling glib
   Compiled in 0.59s
  built in 620 ms
/tmp/p52/glib_src/build/dev/erlang/glib/ebin/glib@@main.beam
/tmp/p52/glib_src/build/dev/erlang/glib/ebin/glib.beam
/tmp/p52/glib_src/build/dev/erlang/glib/ebin/glib.app
