== gleam.toml as generated (the ONLY place a dependency is declared)
15:[dependencies]
16-gleam_stdlib = ">= 0.44.0 and < 2.0.0"
17-
18:[dev-dependencies]
19-gleeunit = ">= 1.0.0 and < 2.0.0"
== build with the default deps: hex unreachable

An error occured while chosing the version of gleam_stdlib: error sending
request for url (https://repo.hex.pm/packages/gleam_stdlib)

== drop the hex deps, add a PATH dependency on the glib fixture
  Compiling glib
  Compiling app
   Compiled in 0.52s
exit=0
== manifest.toml, generated by gleam (the resolution record)
     1	# This file was generated by Gleam
     2	# You typically do not need to edit this file
     3	
     4	packages = [
     5	  { name = "glib", version = "0.4.0", build_tools = ["gleam"], requirements = [], source = "local", path = "../glib_dep" },
     6	]
     7	
     8	[requirements]
     9	glib = { path = "../glib_dep" }
== the Erlang gleam emitted for the @external: a bare remote call, no app anywhere
14:    'Elixir.Greeter':hello(Name).
== is the missing Erlang module detected at compile time? (it compiled above: exit status)
gleam build exit=0
== run it: Greeter is absent
{'EXIT',{undef,[{'Elixir.Greeter',hello,[<<"x">>],[]},
                {erl_eval,do_apply,7,[{file,"erl_eval.erl"},{line,920}]},
                {erl_eval,expr,6,[{file,"erl_eval.erl"},{line,656}]},
== and an import of a Gleam module that does not exist IS a compile error (provenance checked for Gleam code only)

error: Unknown module
  ┌─ /tmp/p52/gl/app/src/app.gleam:2:24
  │
2 │ pub fn main() -> Int { nonesuch.f() }
  │                        ^^^^^^^^

No module has been found with the name `nonesuch`.

