## 1. source file: the import names a MODULE only
module Main exposing (main)
import Html
main = Html.text "hi"
## 2. elm.json with no elm/core
-- MISSING DEPENDENCY ------------------------------------------------- elm.json

I need to see an "elm/core" dependency your elm.json file. The default imports
of `List` and `Maybe` do not work without it.

If you modified your elm.json by hand, try to change it back! And if you are
having trouble getting back to a working elm.json, it may be easier to delete it
and use `elm init` to start fresh.
## 3. elm.json declaring elm/core + elm/html (the package manifest) but packages not installed and registry unreachable
-- PROBLEM LOADING PACKAGE LIST ------------------------------------------------

I need the list of published packages to verify your dependencies, so I tried to
fetch:

    https://package.elm-lang.org/all-packages

But my HTTP library is giving me the following error message:

    ProxyConnectException "package.elm-lang.org" 443 (Status {statusCode = 403, statusMessage = "Forbidden"})

Are you somewhere with a slow internet connection? Or no internet? Does the link
I am trying to fetch work in your browser? Maybe the site is down? Does your
internet connection have a firewall that blocks certain domains? It is usually
