################ base
### positive control (works today)
PosCall                accepted
### negative literal passed to Delta
NegCall                refused(rc=1)
    | NegCall/a.bs:2:1: error: this refinement is not a predicate the checker can read
    |   a refinement narrows a type, so the compiler has to be able to
    |   reason about it: comparisons on `value`, joined with `and`/`or`.
    |   `int where value >= 0 and value <= 255` is one.
    |   A predicate that reads the value instead \x{2014} `WellFormed(value)` \x{2014}
    |   is the O(n) tier. It is established once at a boundary and never
    |   reasoned about, and this compiler has no site to establish it at.
NegCallOutOfRange      refused(rc=1)
    | NegCallOutOfRange/a.bs:2:1: error: this refinement is not a predicate the checker can read
    |   a refinement narrows a type, so the compiler has to be able to
    |   reason about it: comparisons on `value`, joined with `and`/`or`.
    |   `int where value >= 0 and value <= 255` is one.
    |   A predicate that reads the value instead \x{2014} `WellFormed(value)` \x{2014}
    |   is the O(n) tier. It is established once at a boundary and never
    |   reasoned about, and this compiler has no site to establish it at.
### negative literal returned as Delta
NegReturn              refused(rc=1)
    | NegReturn/a.bs:2:1: error: this refinement is not a predicate the checker can read
    |   a refinement narrows a type, so the compiler has to be able to
    |   reason about it: comparisons on `value`, joined with `and`/`or`.
    |   `int where value >= 0 and value <= 255` is one.
    |   A predicate that reads the value instead \x{2014} `WellFormed(value)` \x{2014}
    |   is the O(n) tier. It is established once at a boundary and never
    |   reasoned about, and this compiler has no site to establish it at.
### binding it first
NegViaVar              refused(rc=1)
    | NegViaVar/a.bs:2:1: error: this refinement is not a predicate the checker can read
    |   a refinement narrows a type, so the compiler has to be able to
    |   reason about it: comparisons on `value`, joined with `and`/`or`.
    |   `int where value >= 0 and value <= 255` is one.
    |   A predicate that reads the value instead \x{2014} `WellFormed(value)` \x{2014}
    |   is the O(n) tier. It is established once at a boundary and never
    |   reasoned about, and this compiler has no site to establish it at.
### Delta used as a clause head: residual with negative bounds
DeltaClassify          refused(rc=1)
    | DeltaClassify/a.bs:2:1: error: this refinement is not a predicate the checker can read
    |   a refinement narrows a type, so the compiler has to be able to
    |   reason about it: comparisons on `value`, joined with `and`/`or`.
    |   `int where value >= 0 and value <= 255` is one.
    |   A predicate that reads the value instead \x{2014} `WellFormed(value)` \x{2014}
    |   is the O(n) tier. It is established once at a boundary and never
    |   reasoned about, and this compiler has no site to establish it at.
################ grammar
### positive control (works today)
PosCall                accepted
### negative literal passed to Delta
NegCall                accepted(output)
    | -5
NegCallOutOfRange      refused(rc=1)
    | NegCallOutOfRange/a.bs:6:9: error: Go hands Id an argument it does not accept
    |   argument 1 is not covered by Id's declared type:
    |     -500
### negative literal returned as Delta
NegReturn              accepted(output)
    | -5
### binding it first
NegViaVar              refused(rc=1)
    | NegViaVar/a.bs:6:9: error: Go hands Id an argument it does not accept
    |   argument 1 is not covered by Id's declared type:
    |     int <= -101 | int >= 101
### Delta used as a clause head: residual with negative bounds
DeltaClassify          accepted(output)
    | :neg
################ checker_min
### positive control (works today)
PosCall                accepted
### negative literal passed to Delta
NegCall                refused(rc=1)
    | NegCall/a.bs:6:9: error: Go hands Id an argument it does not accept
    |   argument 1 is not covered by Id's declared type:
    |     int <= -101 | int >= 101
NegCallOutOfRange      refused(rc=1)
    | NegCallOutOfRange/a.bs:6:9: error: Go hands Id an argument it does not accept
    |   argument 1 is not covered by Id's declared type:
    |     int <= -101 | int >= 101
### negative literal returned as Delta
NegReturn              refused(rc=1)
    | NegReturn/a.bs:4:1: error: Zero returns a value its signature does not declare
    |   not covered by the declared return type:
    |     int <= -101 | int >= 101
    |   If `Delta` is what you meant, fix the clause, not the signature.
    |   no signature is offered: what the clauses return has no spelling as a type yet.
### binding it first
NegViaVar              refused(rc=1)
    | NegViaVar/a.bs:6:9: error: Go hands Id an argument it does not accept
    |   argument 1 is not covered by Id's declared type:
    |     int <= -101 | int >= 101
### Delta used as a clause head: residual with negative bounds
DeltaClassify          accepted(output)
    | :neg
################ checker_wide
