absent_option_tests                PASS(try 1)     All 19 tests passed.
absorbed_member_tests              PASS(try 1)     All 22 tests passed.
aggregate_tests                    PASS(try 1)     All 18 tests passed.
api_tests                          PASS(try 1)     All 36 tests passed.
binary_tests                       PASS(try 1)     All 32 tests passed.
bindings_tests                     PASS(try 1)     All 19 tests passed.
body_check_tests                   PASS(try 1)     All 54 tests passed.
boundary_kind_tests                PASS(try 1)     All 6 tests passed.
boundary_range_tests               PASS(try 1)     All 10 tests passed.
clause_block_tests                 PASS(try 1)     All 13 tests passed.
cli_tests                          PASS(try 1)     All 21 tests passed.
collapse_tests                     PASS(try 1)     All 26 tests passed.
columns_tests                      PASS(try 1)     All 5 tests passed.
comprehension_tests                PASS(try 1)     All 28 tests passed.
construct_union_tests              PASS(try 1)     All 16 tests passed.
corpus_tests                       PASS(try 1)     All 11 tests passed.
corrected_signature_tests          PASS(try 1)     All 35 tests passed.
diagnostic_json_tests              PASS(try 1)     All 14 tests passed.
diagnostic_term_tests              PASS(try 1)     All 13 tests passed.
division_tests                     PASS(try 1)     All 10 tests passed.
down_view_tests                    PASS(try 1)     All 17 tests passed.
ffi_tests                          PASS(try 1)     All 5 tests passed.
float_tests                        PASS(try 1)     All 36 tests passed.
foreign_guard_tests                PASS(try 1)     All 16 tests passed.
foreign_return_tests               PASS(try 1)     All 14 tests passed.
foreign_wrapper_tests              PASS(try 1)     All 18 tests passed.
function_value_tests               PASS(try 1)     All 49 tests passed.
generics_tests                     PASS(try 1)     All 17 tests passed.
guard_call_tests                   PASS(try 1)     All 13 tests passed.
guard_kind_tests                   PASS(try 1)     All 7 tests passed.
heads_tests                        PASS(try 1)     All 12 tests passed.
implements_tests                   PASS(try 1)     All 27 tests passed.
intervals_tests                    PASS(try 1)     All 35 tests passed.
