$ elm --version
0.19.1

$ elm make Reverse.elm --output=/dev/null   (no elm.json present)
-- NO elm.json FILE ------------------------------------------------------------

It looks like you are starting a new Elm project. Very exciting! Try running:

    elm init

It will help you get set up. It is really simple!


$ yes | elm init   (attempt to bootstrap elm.json + fetch elm/core)
Hello! Elm projects always start with an elm.json file. I can create them!

Now you may be wondering, what will be in this file? How do I add Elm files to
my project? How do I see it in the browser? How will my code grow? Do I need
more directories? What about tests? Etc.

Check out <https://elm-lang.org/0.19.1/init> for all the answers!

Knowing all that, would you like me to create an elm.json file now? [Y/n]: -- PROBLEM LOADING PACKAGE LIST ------------------------------------------------

I need the list of published packages before I can start initializing projects,
so I tried to fetch:

    https://package.elm-lang.org/all-packages

But my HTTP library is giving me the following error message:

    ProxyConnectException "package.elm-lang.org" 443 (Status {statusCode = 403, statusMessage = "Forbidden"})

Are you somewhere with a slow internet connection? Or no internet? Does the link
I am trying to fetch work in your browser? Maybe the site is down? Does your
internet connection have a firewall that blocks certain domains? It is usually
something like that!


$ curl proxy status — relevant relay-failure entry
      "host": "package.elm-lang.org:443"
    },
    {
      "ts": "2026-09-04T14:05:46.492Z",
--
      "host": "package.elm-lang.org:443"
    },
    {
      "ts": "2026-09-04T14:06:12.679Z",
--
      "host": "package.elm-lang.org:443"
    },
    {
      "ts": "2026-09-04T14:07:04.663Z",
--
      "host": "package.elm-lang.org:443"
    }
  ],
  "downloadQueuedBytes": 0,
