names are 'Shop.MNNNNNN.Leaf' style atoms; caller is a miss unless stated

N = 10
  map is_key (miss)                              0.0172 us/check  (200000 reps)
  map is_key (hit)                               0.0145 us/check  (200000 reps)
  sets:is_element (miss)                         0.0669 us/check  (200000 reps)
  lists:member (miss, worst)                     0.0188 us/check  (200000 reps)
  lists:member (hit=last)                        0.0204 us/check  (200000 reps)
  subtree prefix test, one root (in)             0.1405 us/check  (200000 reps)
  subtree prefix test, one root (out)            0.1166 us/check  (200000 reps)
  subtree vs N roots (naive scan, miss)          1.3775 us/check  (2000 reps)
  whole-world sweep: 10 edges, one map lookup + one prefix test each: 2 us total (0.200 us/edge)

N = 1000
  map is_key (miss)                              0.0228 us/check  (20000 reps)
  map is_key (hit)                               0.0227 us/check  (20000 reps)
  sets:is_element (miss)                         0.0675 us/check  (20000 reps)
  lists:member (miss, worst)                     2.1324 us/check  (20000 reps)
  lists:member (hit=last)                        1.9367 us/check  (20000 reps)
  subtree prefix test, one root (in)             0.1562 us/check  (20000 reps)
  subtree prefix test, one root (out)            0.1221 us/check  (20000 reps)
  subtree vs N roots (naive scan, miss)        153.4150 us/check  (200 reps)
  whole-world sweep: 1000 edges, one map lookup + one prefix test each: 216 us total (0.216 us/edge)

N = 100000
  map is_key (miss)                              0.0350 us/check  (200 reps)
  map is_key (hit)                               0.0250 us/check  (200 reps)
  sets:is_element (miss)                         0.0700 us/check  (200 reps)
  lists:member (miss, worst)                   204.3150 us/check  (200 reps)
  lists:member (hit=last)                      225.9550 us/check  (200 reps)
  subtree prefix test, one root (in)             0.2550 us/check  (200 reps)
  subtree prefix test, one root (out)            0.2100 us/check  (200 reps)
  subtree vs N roots (naive scan, miss)      27548.0000 us/check  (2 reps)
  whole-world sweep: 100000 edges, one map lookup + one prefix test each: 59500 us total (0.595 us/edge)
reference: erlc compile:file of the 10-line shop_orders fixture: 3932 us
