warning: the VM is running with native name encoding of latin1 which may cause Elixir to malfunction as it expects utf8. Please ensure your locale is set to UTF-8 (which can be verified by running "locale" in your shell) or set the ELIXIR_ERL_OPTIONS="+fnu" environment variable
-- syntax forms (parse only)
:Shop.New(1)                                                  :SYNTAX_ERROR
:Shop."New"(1)                                                :parses
:"Shop"."New"(1)                                              :parses
Kernel.apply(:Shop, :New, [1])                                :parses
(&:Shop.New/1).(1)                                            :SYNTAX_ERROR
(&:Shop."New"/1).(1)                                          :parses
m = :Shop; m.New(1)                                           :SYNTAX_ERROR
m = :Shop; m."New"(1)                                         :parses
:erlang.apply(:Shop, :New, [1])                               :parses
:Shop.unquote(:New)(1)                                        :parses
-- execution of the forms that parse
:Shop."New"(1)                                                {:ok, %{Kind: :"Shop.Order", Total: 0, Id: 1}}
(&:Shop."New"/1).(1)                                          {:ok, %{Kind: :"Shop.Order", Total: 0, Id: 1}}
m = :Shop; m."New"(1)                                         {:ok, %{Kind: :"Shop.Order", Total: 0, Id: 1}}
apply(:Shop, :New, [1])                                       {:ok, %{Kind: :"Shop.Order", Total: 0, Id: 1}}
:erlang.apply(:Shop, :New, [1])                               {:ok, %{Kind: :"Shop.Order", Total: 0, Id: 1}}
Function.capture(:Shop, :New, 1).(1)                          {:ok, %{Kind: :"Shop.Order", Total: 0, Id: 1}}
-- macro with unquote (compile-time generated defs)
ShopWrap.__info__(:functions)                                 [amount: 1, band: 1, bump: 1, new: 1, pay: 1, squared: 1, total: 1, which: 1]
ShopWrap.new(4)                                               %{Kind: :"Shop.Order", Total: 0, Id: 4}
-- direct unquote in a call position inside quote
Q.call(:Shop, :New, [1]) (macro, runtime)                     %{Kind: :"Shop.Order", Total: 0, Id: 1}
-- Module.concat / attribute
Module.concat(Shop, nil)                                      Shop
