== repo harness unchanged (25 runs, sequential per impl), x3 ==
4732 rotations, 673364 clicks simulated per run

             answer      min ms    med ms      rel
Erlang       6770         16.83     17.26    1.54x
Elixir       6770         16.76     17.79    1.53x
Gleam        6770         10.96     11.68    1.00x
beam-sharp   6770         16.78     16.95    1.53x

all four agree on 6770

4732 rotations, 673364 clicks simulated per run

             answer      min ms    med ms      rel
Erlang       6770         16.86     17.88    1.56x
Elixir       6770         16.64     18.07    1.54x
Gleam        6770         10.80     11.36    1.00x
beam-sharp   6770         16.70     18.15    1.55x

all four agree on 6770

4732 rotations, 673364 clicks simulated per run

             answer      min ms    med ms      rel
Erlang       6770         16.79     17.57    1.55x
Elixir       6770         16.71     17.06    1.55x
Gleam        6770         10.80     10.94    1.00x
beam-sharp   6770         16.79     17.19    1.55x

all four agree on 6770

== interleaved harness, 300 rounds, x3 ==
answer Erlang = 6770
answer Elixir(re28) = 6770
answer Gleam = 6770
answer beam-sharp = 6770
impl             min ms   med ms   p90 ms   max ms min/bes
Erlang            16.82    17.21    19.09    23.59  1.565x
Elixir(re28)      16.67    17.02    19.18    36.48  1.551x
Gleam             10.75    10.94    11.56    16.64  1.000x
beam-sharp        16.75    17.09    19.09    30.65  1.558x

answer Erlang = 6770
answer Elixir(re28) = 6770
answer Gleam = 6770
answer beam-sharp = 6770
impl             min ms   med ms   p90 ms   max ms min/bes
Erlang            16.83    17.18    18.85    32.95  1.563x
Elixir(re28)      16.71    16.98    18.44    27.41  1.553x
Gleam             10.76    10.92    11.37    19.39  1.000x
beam-sharp        16.73    17.00    18.41    25.02  1.554x

answer Erlang = 6770
answer Elixir(re28) = 6770
answer Gleam = 6770
answer beam-sharp = 6770
impl             min ms   med ms   p90 ms   max ms min/bes
Erlang            16.73    17.06    18.63    23.30  1.552x
Elixir(re28)      16.59    16.91    18.52    23.57  1.539x
Gleam             10.78    10.93    11.48    15.54  1.000x
beam-sharp        16.62    16.95    18.04    25.11  1.543x

