bench_erl: 138 lines
bench_gleam: 92 lines
Day01: 141 lines
Elixir.BenchEx: 191 lines

=== bench_erl spin/4 ===
--- spin/4 (26 instrs)
  {line,3}
  {label,6}
  {func_info,{atom,bench_erl},{atom,spin},4}
  {label,7}
  {test,is_eq_exact,{f,8},[{x,2},{integer,0}]}
  {test_heap,3,4}
  {put_tuple2,{x,0},{list,[{x,0},{x,3}]}}
  return
  {label,8}
  {allocate,4,4}
  {init_yregs,{list,[{y,0}]}}
  {move,{x,3},{y,1}}
  {move,{x,2},{y,2}}
  {move,{x,1},{y,3}}
  {line,4}
  {gc_bif,'+',
          {f,0},
          2,
          [{tr,{x,0},{t_integer,{0,99}}},{tr,{x,1},{t_integer,{-1,1}}}],
          {x,0}}
  {call,1,{bench_erl,wrap,1}}
  {line,5}
  {gc_bif,'-',{f,0},1,[{y,2},{integer,1}],{y,2}}
  {move,{x,0},{y,0}}
  {call,1,{bench_erl,hit,1}}
  {gc_bif,'+',
          {f,0},
          1,
          [{tr,{y,1},{t_integer,{0,'+inf'}}},{tr,{x,0},{t_integer,{0,1}}}],
          {x,3}}
  {move,{y,2},{x,2}}
  {move,{y,3},{x,1}}
  {move,{y,0},{x,0}}
  {call_last,4,{bench_erl,spin,4},4}

--- sign/1 (13 instrs)

=== Day01 Spin/4 ===
--- 'Spin'/4 (26 instrs)
  {line,3}
  {label,8}
  {func_info,{atom,'Day01'},{atom,'Spin'},4}
  {label,9}
  {test,is_eq_exact,{f,10},[{x,2},{integer,0}]}
  {test_heap,3,4}
  {put_tuple2,{x,0},{list,[{x,0},{x,3}]}}
  return
  {label,10}
  {allocate,4,4}
  {init_yregs,{list,[{y,0}]}}
  {move,{x,3},{y,1}}
  {move,{x,2},{y,2}}
  {move,{x,1},{y,3}}
  {line,4}
  {gc_bif,'+',
          {f,0},
          2,
          [{tr,{x,0},{t_integer,{0,99}}},{tr,{x,1},{t_integer,{-1,1}}}],
          {x,0}}
  {call,1,{'Day01','Wrap',1}}
  {line,5}
  {gc_bif,'-',{f,0},1,[{y,2},{integer,1}],{y,2}}
  {move,{x,0},{y,0}}
  {call,1,{'Day01','Hit',1}}
  {gc_bif,'+',
          {f,0},
          1,
          [{tr,{y,1},{t_integer,{0,'+inf'}}},{tr,{x,0},{t_integer,{0,1}}}],
          {x,3}}
  {move,{y,2},{x,2}}
  {move,{y,3},{x,1}}
  {move,{y,0},{x,0}}
  {call_last,4,{'Day01','Spin',4},4}

--- 'Sign'/1 (10 instrs)

=== tr annotations count per module ===
bench_erl tr=8
bench_gleam tr=7
Day01 tr=7
Elixir.BenchEx tr=8

=== Wrap vs wrap ===
--- wrap/1 (8 instrs)
  {label,1}
  {line,1}
  {func_info,{atom,bench_erl},{atom,wrap},1}
  {label,2}
  {gc_bif,'rem',
          {f,0},
          1,
          [{tr,{x,0},{t_integer,{-1,'+inf'}}},{integer,100}],
          {x,0}}
  {gc_bif,'+',{f,0},1,[{tr,{x,0},{t_integer,{-99,99}}},{integer,100}],{x,0}}
  {gc_bif,'rem',{f,0},1,[{tr,{x,0},{t_integer,{1,199}}},{integer,100}],{x,0}}
  return

--- hit/1 (10 instrs)
--- 'Wrap'/1 (8 instrs)
  {line,1}
  {label,3}
  {func_info,{atom,'Day01'},{atom,'Wrap'},1}
  {label,4}
  {gc_bif,'rem',
          {f,0},
          1,
          [{tr,{x,0},{t_integer,{-1,'+inf'}}},{integer,100}],
          {x,0}}
  {gc_bif,'+',{f,0},1,[{tr,{x,0},{t_integer,{-99,99}}},{integer,100}],{x,0}}
  {gc_bif,'rem',{f,0},1,[{tr,{x,0},{t_integer,{1,199}}},{integer,100}],{x,0}}
  return

--- 'Hit'/1 (10 instrs)
