v_base.beam type_chunk_bytes=116 file_bytes=1344
  wrap/1 instrs(excl label/line)=4
  hit/1 instrs(excl label/line)=4
  spin/4 instrs(excl label/line)=19
  sign/1 instrs(excl label/line)=6
  size_/1 instrs(excl label/line)=3
  clicks/3 instrs(excl label/line)=23
v_bs.beam type_chunk_bytes=116 file_bytes=1356
  wrap/1 instrs(excl label/line)=4
  hit/1 instrs(excl label/line)=4
  spin/4 instrs(excl label/line)=19
  sign/1 instrs(excl label/line)=4
  size_/1 instrs(excl label/line)=3
  clicks/3 instrs(excl label/line)=23
v_base_nt.beam type_chunk_bytes=26 file_bytes=1396
  wrap/1 instrs(excl label/line)=4
  hit/1 instrs(excl label/line)=4
  spin/4 instrs(excl label/line)=19
  sign/1 instrs(excl label/line)=6
  size_/1 instrs(excl label/line)=3
  clicks/3 instrs(excl label/line)=26
v_exp.beam type_chunk_bytes=80 file_bytes=1332
  wrap/1 instrs(excl label/line)=4
  hit/1 instrs(excl label/line)=4
  spin/4 instrs(excl label/line)=19
  sign/1 instrs(excl label/line)=6
  size_/1 instrs(excl label/line)=3
  clicks/3 instrs(excl label/line)=23
v_exp_is.beam type_chunk_bytes=98 file_bytes=1404
  wrap/1 instrs(excl label/line)=5
  hit/1 instrs(excl label/line)=4
  spin/4 instrs(excl label/line)=21
  sign/1 instrs(excl label/line)=6
  size_/1 instrs(excl label/line)=3
  clicks/3 instrs(excl label/line)=23
v_exp_rng.beam type_chunk_bytes=98 file_bytes=1448
  wrap/1 instrs(excl label/line)=7
  hit/1 instrs(excl label/line)=4
  spin/4 instrs(excl label/line)=25
  sign/1 instrs(excl label/line)=6
  size_/1 instrs(excl label/line)=3
  clicks/3 instrs(excl label/line)=23
v_exp_spec.beam type_chunk_bytes=80 file_bytes=1372
  wrap/1 instrs(excl label/line)=4
  hit/1 instrs(excl label/line)=4
  spin/4 instrs(excl label/line)=19
  sign/1 instrs(excl label/line)=6
  size_/1 instrs(excl label/line)=3
  clicks/3 instrs(excl label/line)=23
v_priv_rng.beam type_chunk_bytes=116 file_bytes=1424
  wrap/1 instrs(excl label/line)=6
  hit/1 instrs(excl label/line)=4
  spin/4 instrs(excl label/line)=21
  sign/1 instrs(excl label/line)=6
  size_/1 instrs(excl label/line)=3
  clicks/3 instrs(excl label/line)=23
v_abstr.beam type_chunk_bytes=116 file_bytes=1908
  wrap/1 instrs(excl label/line)=4
  hit/1 instrs(excl label/line)=4
  spin/4 instrs(excl label/line)=19
  sign/1 instrs(excl label/line)=4
  size_/1 instrs(excl label/line)=3
  clicks/3 instrs(excl label/line)=24
bench_erl.beam type_chunk_bytes=116 file_bytes=1336
  wrap/1 instrs(excl label/line)=4
  hit/1 instrs(excl label/line)=4
  spin/4 instrs(excl label/line)=19
  sign/1 instrs(excl label/line)=6
  size_/1 instrs(excl label/line)=3
  clicks/3 instrs(excl label/line)=23
