=== v_base: {tr,..} operands inside spin/4 and wrap/1 (+to_asm) ===
    {gc_bif,'rem',{f,0},1,[{tr,{x,0},{t_integer,any}},{integer,100}],{x,0}}.
    {gc_bif,'+',{f,0},1,[{tr,{x,0},{t_integer,{-99,99}}},{integer,100}],{x,0}}.
            [{tr,{x,0},{t_integer,{1,199}}},{integer,100}],
            [{tr,{x,0},{t_integer,{-99,99}}},{tr,{x,1},{t_integer,{-1,1}}}],
            [{tr,{y,1},{t_integer,any}},{tr,{x,0},{t_integer,{0,1}}}],
  total {tr,..} operands in module: 6
=== v_bs: {tr,..} operands inside spin/4 and wrap/1 (+to_asm) ===
    {gc_bif,'rem',{f,0},1,[{tr,{x,0},{t_integer,any}},{integer,100}],{x,0}}.
    {gc_bif,'+',{f,0},1,[{tr,{x,0},{t_integer,{-99,99}}},{integer,100}],{x,0}}.
            [{tr,{x,0},{t_integer,{1,199}}},{integer,100}],
            [{tr,{x,0},{t_integer,{-99,99}}},{tr,{x,1},{t_integer,{-1,1}}}],
            [{tr,{y,1},{t_integer,any}},{tr,{x,0},{t_integer,{0,1}}}],
  total {tr,..} operands in module: 6
=== v_base_nt: {tr,..} operands inside spin/4 and wrap/1 (+to_asm) ===
  total {tr,..} operands in module: 0
=== v_bs_nt: {tr,..} operands inside spin/4 and wrap/1 (+to_asm) ===
  total {tr,..} operands in module: 0
=== v_exp: {tr,..} operands inside spin/4 and wrap/1 (+to_asm) ===
    {gc_bif,'+',{f,0},1,[{tr,{x,0},{t_integer,{-99,99}}},{integer,100}],{x,0}}.
            [{tr,{x,0},{t_integer,{1,199}}},{integer,100}],
    {gc_bif,'+',{f,0},1,[{y,1},{tr,{x,0},{t_integer,{0,1}}}],{x,3}}.
  total {tr,..} operands in module: 3
=== v_exp_is: {tr,..} operands inside spin/4 and wrap/1 (+to_asm) ===
    {gc_bif,'rem',{f,0},1,[{tr,{x,0},{t_integer,any}},{integer,100}],{x,0}}.
    {gc_bif,'+',{f,0},1,[{tr,{x,0},{t_integer,{-99,99}}},{integer,100}],{x,0}}.
            [{tr,{x,0},{t_integer,{1,199}}},{integer,100}],
    {gc_bif,'+',{f,0},4,[{tr,{x,0},{t_integer,any}},{x,1}],{x,0}}.
    {gc_bif,'+',{f,0},1,[{y,1},{tr,{x,0},{t_integer,{0,1}}}],{x,3}}.
  total {tr,..} operands in module: 5
=== v_exp_rng: {tr,..} operands inside spin/4 and wrap/1 (+to_asm) ===
    {test,is_ge,{f,1},[{tr,{x,0},{t_integer,any}},{integer,-99}]}.
    {test,is_ge,{f,1},[{integer,199},{tr,{x,0},{t_integer,any}}]}.
    {gc_bif,'rem',{f,0},1,[{tr,{x,0},{t_integer,any}},{integer,100}],{x,0}}.
    {gc_bif,'+',{f,0},1,[{tr,{x,0},{t_integer,{-99,99}}},{integer,100}],{x,0}}.
            [{tr,{x,0},{t_integer,{1,199}}},{integer,100}],
    {test,is_ge,{f,6},[{tr,{x,0},{t_integer,any}},{integer,0}]}.
    {test,is_ge,{f,6},[{integer,99},{tr,{x,0},{t_integer,any}}]}.
    {test,is_ge,{f,6},[{tr,{x,0},{t_integer,any}},{integer,0}]}.
    {test,is_ge,{f,6},[{integer,99},{tr,{x,0},{t_integer,any}}]}.
    {gc_bif,'+',{f,0},4,[{tr,{x,0},{t_integer,any}},{x,1}],{x,0}}.
    {gc_bif,'+',{f,0},1,[{y,1},{tr,{x,0},{t_integer,{0,1}}}],{x,3}}.
  total {tr,..} operands in module: 11
=== v_exp_spec: {tr,..} operands inside spin/4 and wrap/1 (+to_asm) ===
    {gc_bif,'+',{f,0},1,[{tr,{x,0},{t_integer,{-99,99}}},{integer,100}],{x,0}}.
            [{tr,{x,0},{t_integer,{1,199}}},{integer,100}],
    {gc_bif,'+',{f,0},1,[{y,1},{tr,{x,0},{t_integer,{0,1}}}],{x,3}}.
  total {tr,..} operands in module: 3
=== v_priv_rng: {tr,..} operands inside spin/4 and wrap/1 (+to_asm) ===
    {test,is_ge,{f,1},[{tr,{x,0},{t_integer,any}},{integer,-99}]}.
    {test,is_ge,{f,1},[{integer,199},{tr,{x,0},{t_integer,any}}]}.
    {gc_bif,'rem',{f,0},1,[{tr,{x,0},{t_integer,any}},{integer,100}],{x,0}}.
    {gc_bif,'+',{f,0},1,[{tr,{x,0},{t_integer,{-99,99}}},{integer,100}],{x,0}}.
            [{tr,{x,0},{t_integer,{1,199}}},{integer,100}],
    {test,is_ge,{f,6},[{tr,{x,0},{t_integer,{-99,99}}},{integer,0}]}.
    {test,is_ge,{f,6},[{tr,{x,0},{t_integer,{-99,99}}},{integer,0}]}.
            [{tr,{x,0},{t_integer,{-99,99}}},{tr,{x,1},{t_integer,{-1,1}}}],
            [{tr,{y,1},{t_integer,any}},{tr,{x,0},{t_integer,{0,1}}}],
  total {tr,..} operands in module: 10
=== v_bs_rng: {tr,..} operands inside spin/4 and wrap/1 (+to_asm) ===
    {test,is_ge,{f,1},[{tr,{x,0},{t_integer,any}},{integer,-99}]}.
    {test,is_ge,{f,1},[{integer,199},{tr,{x,0},{t_integer,any}}]}.
    {gc_bif,'rem',{f,0},1,[{tr,{x,0},{t_integer,any}},{integer,100}],{x,0}}.
    {gc_bif,'+',{f,0},1,[{tr,{x,0},{t_integer,{-99,99}}},{integer,100}],{x,0}}.
            [{tr,{x,0},{t_integer,{1,199}}},{integer,100}],
    {test,is_ge,{f,6},[{tr,{x,0},{t_integer,{-99,99}}},{integer,0}]}.
    {test,is_ge,{f,6},[{tr,{x,0},{t_integer,{-99,99}}},{integer,0}]}.
            [{tr,{x,0},{t_integer,{-99,99}}},{tr,{x,1},{t_integer,{-1,1}}}],
            [{tr,{y,1},{t_integer,any}},{tr,{x,0},{t_integer,{0,1}}}],
  total {tr,..} operands in module: 10
