################ 26a (record erasure) - size sections ################

===========================================================================================
PROTOTYPE 26a -- record erasure cost, OTP 28
===========================================================================================
erts               : 16.0
compiler           : 9.0
compile options    : [{outdir,"/tmp/26a_variants"},
                      deterministic,return_errors]
reps per timing    : 2000000

===========================================================================================
1. Code size on disk -- the number ticket 18 owed
===========================================================================================
module         file     Code     AtU8     ImpT   instrs
rc_nf3_a        544       73       60       40        3
rc_nf3_b        544       73       60       40        3
rc_tu3_u        544       73       60       40        3
rc_tu3_g        544       86       58       28        7
rc_mp3_u        552       73       66       40        3
rc_mp3_g        632      102       85       52        8
rc_mv3_g        648      117       85       52       11
rc_tg3_g        580       87       81       40        6
rc_tu8_u        544       73       60       40        3
rc_tu8_g        544       86       58       28        7
rc_mp8_u        552       73       66       40        3
rc_mp8_g        648      107      100       52        8
rc_tg8_g        580       87       81       40        6

pair                                                       .beam file         Code chunk   instrs
NOISE FLOOR: two identical unguarded modules               +0 (+0.0%)         +0 (+0.0%)       +0
3f tuple  discriminator (is_tuple+size+element)            +0 (+0.0%)       +13 (+17.8%)       +4
3f map    discriminator (shape only, exact set)          +80 (+14.5%)       +29 (+39.7%)       +5
3f map    discriminator (shape + 2 value tests)          +96 (+17.4%)       +44 (+60.3%)       +8
3f tagged map discriminator (one map_get)                 +28 (+5.1%)       +14 (+19.2%)       +3
8f tuple  discriminator (is_tuple+size+element)            +0 (+0.0%)       +13 (+17.8%)       +4
8f map    discriminator (shape only, exact set)          +96 (+17.4%)       +34 (+46.6%)       +5
8f tagged map discriminator (one map_get)                 +28 (+5.1%)       +14 (+19.2%)       +3

===========================================================================================
2. How each discriminator SCALES with field count
===========================================================================================
discriminator                      3 fields   8 fields    per field
tuple (tag + arity)                     +13        +13         +0.0
map, exact field set                    +29        +34         +1.0
tagged map (one map_get)                +14        +14         +0.0

Bytes of the Code chunk. 'per field' is the slope between the two widths.
Ticket 18 emits this guard on EVERY exported function taking a record, and
unconditionally wherever the value feeds a codegen obligation, so a slope
that is not flat is a cost the whole language pays.

===========================================================================================
3. Match and projection time (3-field record)
===========================================================================================
The ticket asserts maps are 'slower to match'. Measured, not assumed.
Three runs; read a difference only if it exceeds the spread WITHIN a row.

variant                                   run 1        run 2        run 3      ns/call
tuple  element/3, unguarded               19498        18607        18759         9.30
tuple  element/3, guarded                 18740        18887        19639         9.37
map    map_get,   unguarded               20185        19911        20398         9.96
map    map_get,   guarded                 21027        20903        20911        10.45
map    map_get,   guarded+values          23967        23258        24528        11.63
tagged map,       guarded                 21150        24592        21058        10.53

Microseconds for the whole loop; ns/call from the fastest of the three.

===========================================================================================
4. Term-model facts the erasure choice turns on
===========================================================================================
--- 4.1 does a map PATTERN match a map with extra keys? ---
  #{id := _, total := _, status := _} vs a 4-key map : matched
  => a map pattern is OPEN. Ticket 27 sec7 declined row polymorphism, so a
     record type is an EXACT field set -- which the pattern alone cannot say.
  same map, with map_size(X) =:= 3 added               : no_match

--- 4.2 does a TUPLE pattern match a wider tuple? ---
  {order, _, _} vs {order, 1, 2, 99}                   : no_match
  => a tuple pattern is CLOSED. Arity is exact for free.

--- 4.3 map_get/2 in a guard, on an ABSENT key ---
  guard `map_get('__type__', X) =:= order`, key absent : guard_failed_silently
  same guard, key present and equal                    : matched
  => it fails the guard rather than raising, so ONE map_get is a complete
     discriminator for a tagged map: no is_map, no map_size, no is_map_key.

--- 4.4 is field ORDER observable in each erasure? ---
  #{b => 1, a => 2} =:= #{a => 2, b => 1}             : true
  {order,1,2}       =:= {order,2,1}                   : false
  => ticket 09 says a record type IS its field SET. A set has no order, so a
     tuple erasure must invent a canonical one and put it in the wire format.

--- 4.5 what an Elixir struct looks like coming in (ticket 06) ---
  an Elixir %Order{} term                             : #{id => 1,total => 2,
                                                          '__struct__' =>
                                                              'Elixir.Order'}
  map_size                                            : 3
  => it is a map with one extra key. Under a map erasure it arrives as a
     record with an extra field; under a tuple erasure it needs conversion.

===========================================================================================
5. json:encode/1 -- ticket 16 sec4's generated encoder
===========================================================================================
Ticket 16 established json:encode/1 REFUSES tuples at any depth, and made the
encoder a codegen obligation. A record is the main thing anyone serialises.

  map    #{id=>1,total=>2,status=>open}    -> <<"{\"id\":1,\"status\":\"open\",\"total\":2}">>
  tuple  {order,1,2}                       -> {caught,error,unsupported_type}
  tagged map (__type__ key)                -> <<"{\"id\":1,\"total\":2,\"__type__\":\"order\"}">>
  nested: map holding a tuple              -> {caught,error,unsupported_type}

################ 18a (guard cost) - size sections ################

===========================================================================================
PROTOTYPE 18a -- cost of a defensive guard on an exported function
Erlang/OTP 28 [erts-16.0] [source] [64-bit] [smp:4:4] [ds:4:4:10] [async-threads:1] [jit:ns]

OTP release        : 28
compiler version   : 9.0
scratch directory  : /tmp/18a_guard_cost
compile options    : [{outdir,"/tmp/18a_guard_cost"},
                      deterministic,return_errors]

===========================================================================================
1. CODE SIZE
Chunk byte counts are chunk PAYLOAD (beam_lib), excluding the 8-byte chunk
header and 4-byte padding. Because the paired modules are identical apart
from the guard, the Code delta is the function's own bytecode delta exactly.
`instrs` counts symbolic BEAM instructions in the function under test only
(beam_disasm), which is attributable by construction. ImpT is the imported
MFA table -- a guard that proves a term's shape lets a CHECKED bif be
replaced by an UNCHECKED instruction, dropping the import, which shows here.

module       file     Code     AtU8     ImpT   instrs
------       ----     ----     ----     ----   ------
v_id_u        516       67       49       28        5
v_id_g        520       70       49       28        6
v_id_x        516       67       49       28        5
v_id_y        516       67       49       28        5
v_a1_u        536       74       52       40        6
v_a1_g        540       79       52       40        7
v_a2_u        536       74       52       40        6
v_a2_g        544       84       52       40        8
v_a4_u        552       92       52       40        8
v_a4_g        576      114       52       40       13
v_tp_u        544       73       58       40        6
v_tp_g        540       86       56       28       10

pair                                                             d_file         d_Code  d_AtU8  d_ImpT  d_inst
id/1  1 guard (body cannot benefit; isolates entry cost)     +4 (+0.8%)     +3 (+4.5%)      +0      +0      +1
id/1  NOISE FLOOR: two identical unguarded modules           +0 (+0.0%)     +0 (+0.0%)      +0      +0      +0
add/2 1 guard                                                +4 (+0.7%)     +5 (+6.8%)      +0      +0      +1
add/2 2 guards                                               +8 (+1.5%)   +10 (+13.5%)      +0      +0      +2
add/4 4 guards                                              +24 (+4.3%)   +22 (+23.9%)      +0      +0      +5
amt/1 tuple discriminator (is_tuple+tuple_size+element)      -4 (-0.7%)   +13 (+17.8%)      -2     -12      +4

columns d_file / d_Code are `+N (+P%)`; the rest are absolute bytes,
except d_inst which counts instructions.

===========================================================================================
1b. EMITTED ASSEMBLY FOR EACH PAIR

--- id/1  1 guard (body cannot benefit; isolates entry cost) ---

[unguarded v_id_u]
{function, id, 1, 2}.
  {label,1}.
    {line,[{location,"v_id_u.erl",4}]}.
    {func_info,{atom,v_id_u},{atom,id},1}.
  {label,2}.
    return.


[guarded   v_id_g]
{function, id, 1, 2}.
  {label,1}.
    {line,[{location,"v_id_g.erl",4}]}.
    {func_info,{atom,v_id_g},{atom,id},1}.
  {label,2}.
    {test,is_integer,{f,1},[{x,0}]}.
    return.



--- id/1  NOISE FLOOR: two identical unguarded modules ---

[unguarded v_id_x]
{function, id, 1, 2}.
  {label,1}.
    {line,[{location,"v_id_x.erl",4}]}.
    {func_info,{atom,v_id_x},{atom,id},1}.
  {label,2}.
    return.


[guarded   v_id_y]
{function, id, 1, 2}.
  {label,1}.
    {line,[{location,"v_id_y.erl",4}]}.
    {func_info,{atom,v_id_y},{atom,id},1}.
  {label,2}.
    return.



--- add/2 1 guard ---

[unguarded v_a1_u]
{function, add, 2, 2}.
  {label,1}.
    {line,[{location,"v_a1_u.erl",4}]}.
    {func_info,{atom,v_a1_u},{atom,add},2}.
  {label,2}.
    {gc_bif,'+',{f,0},2,[{x,0},{x,1}],{x,0}}.
    return.


[guarded   v_a1_g]
{function, add, 2, 2}.
  {label,1}.
    {line,[{location,"v_a1_g.erl",4}]}.
    {func_info,{atom,v_a1_g},{atom,add},2}.
  {label,2}.
    {test,is_integer,{f,1},[{x,0}]}.
    {gc_bif,'+',{f,0},2,[{tr,{x,0},{t_integer,any}},{x,1}],{x,0}}.
    return.



--- add/2 2 guards ---

[unguarded v_a2_u]
{function, add, 2, 2}.
  {label,1}.
    {line,[{location,"v_a2_u.erl",4}]}.
    {func_info,{atom,v_a2_u},{atom,add},2}.
  {label,2}.
    {gc_bif,'+',{f,0},2,[{x,0},{x,1}],{x,0}}.
    return.


[guarded   v_a2_g]
{function, add, 2, 2}.
  {label,1}.
    {line,[{location,"v_a2_g.erl",4}]}.
    {func_info,{atom,v_a2_g},{atom,add},2}.
  {label,2}.
    {test,is_integer,{f,1},[{x,0}]}.
    {test,is_integer,{f,1},[{x,1}]}.
    {gc_bif,'+',
            {f,0},
            2,
            [{tr,{x,0},{t_integer,any}},{tr,{x,1},{t_integer,any}}],
            {x,0}}.
    return.



--- add/4 4 guards ---

[unguarded v_a4_u]
{function, add, 4, 2}.
  {label,1}.
    {line,[{location,"v_a4_u.erl",4}]}.
    {func_info,{atom,v_a4_u},{atom,add},4}.
  {label,2}.
    {gc_bif,'+',{f,0},4,[{x,0},{x,1}],{x,0}}.
    {gc_bif,'+',{f,0},4,[{tr,{x,0},{t_number,any}},{x,2}],{x,0}}.
    {gc_bif,'+',{f,0},4,[{tr,{x,0},{t_number,any}},{x,3}],{x,0}}.
    return.


[guarded   v_a4_g]
{function, add, 4, 2}.
  {label,1}.
    {line,[{location,"v_a4_g.erl",4}]}.
    {func_info,{atom,v_a4_g},{atom,add},4}.
  {label,2}.
    {test,is_integer,{f,1},[{x,0}]}.
    {test,is_integer,{f,1},[{x,1}]}.
    {test,is_integer,{f,1},[{x,2}]}.
    {test,is_integer,{f,1},[{x,3}]}.
    {line,[{location,"v_a4_g.erl",5}]}.
    {gc_bif,'+',
            {f,0},
            4,
            [{tr,{x,0},{t_integer,any}},{tr,{x,1},{t_integer,any}}],
            {x,0}}.
    {gc_bif,'+',
            {f,0},
            4,
            [{tr,{x,0},{t_integer,any}},{tr,{x,2},{t_integer,any}}],
            {x,0}}.
    {gc_bif,'+',
            {f,0},
            4,
            [{tr,{x,0},{t_integer,any}},{tr,{x,3},{t_integer,any}}],
            {x,0}}.
    return.



--- amt/1 tuple discriminator (is_tuple+tuple_size+element) ---

[unguarded v_tp_u]
{function, amt, 1, 2}.
  {label,1}.
    {line,[{location,"v_tp_u.erl",4}]}.
    {func_info,{atom,v_tp_u},{atom,amt},1}.
  {label,2}.
    {bif,element,{f,0},[{integer,3},{x,0}],{x,0}}.
    return.


[guarded   v_tp_g]
{function, amt, 1, 2}.
  {label,1}.
    {line,[{location,"v_tp_g.erl",4}]}.
    {func_info,{atom,v_tp_g},{atom,amt},1}.
  {label,2}.
    {test,is_tuple,{f,1},[{x,0}]}.
    {test,test_arity,{f,1},[{x,0},3]}.
    {get_tuple_element,{x,0},0,{x,1}}.
    {test,is_eq_exact,{f,1},[{x,1},{atom,order}]}.
    {get_tuple_element,{x,0},2,{x,0}}.
    return.



===========================================================================================
2. CALL OVERHEAD THROUGH THE EXPORTED ENTRY POINT
N = 200000000 calls per rep, 6 reps per variant, first rep of each discarded as
warmup. Variants are interleaved (U,G,U,G,...) so thermal or scheduler drift
hits both arms equally. Figures are ns/call.

linearity check on d_id_u (unguarded id/1):
  N =     50000000  elapsed =     542.1 ms   10.843 ns/call
  N =    100000000  elapsed =    1103.0 ms   11.030 ns/call
  N =    200000000  elapsed =    2131.8 ms   10.659 ns/call
  N =    400000000  elapsed =    4301.5 ms   10.754 ns/call

pair (unguarded -> guarded)                      min    median       max

id/1  1 guard (body cannot benefit; isolates entry cost)
  unguarded d_id_u                            10.655    10.932    11.126
  guarded   d_id_g                            11.063    11.248    11.473
  delta (guarded - unguarded)                 +0.408    +0.315
    as % of unguarded                         +3.83%    +2.89%
  raw unguarded: 10.758 11.040 11.126 10.932 10.655
  raw guarded  : 11.260 11.075 11.248 11.473 11.063


id/1  NOISE FLOOR: two identical unguarded modules
  unguarded d_id_x                            10.715    10.909    11.157
  guarded   d_id_y                            10.630    10.775    11.021
  delta (guarded - unguarded)                 -0.085    -0.134
    as % of unguarded                         -0.79%    -1.23%
  raw unguarded: 10.715 10.909 11.140 11.157 10.745
  raw guarded  : 10.660 11.017 10.775 11.021 10.630

