loop functions as emitted (HotB=base, HotN=narrow, HotW=wide):
--- HotB
'Step'(O, Acc) when map_get('Kind', O) =:= 'HotB.Order' ->
    Acc + map_get('Total', O).
'Loop'(O, 0, Acc) when map_get('Kind', O) =:= 'HotB.Order' ->
    Acc;
'Loop'(O, N, Acc) when map_get('Kind', O) =:= 'HotB.Order' ->
    'Loop'(O, N - 1, 'Step'(O, Acc)).
--- HotN
'Step'(O, Acc) ->
    Acc + map_get('Total', O).
'Loop'(_O, 0, Acc) ->
    Acc;
'Loop'(O, N, Acc) ->
    'Loop'(O, N - 1, 'Step'(O, Acc)).
--- HotW
'Step'(O, Acc)
    when
        map_get('Kind', O) =:= 'HotW.Order'
        andalso
        is_integer(Acc) ->
    Acc + map_get('Total', O).
'Loop'(O, 0, Acc)
    when
        map_get('Kind', O) =:= 'HotW.Order'
        andalso
        is_integer(Acc) ->
    Acc;
'Loop'(O, N, Acc)
    when
        map_get('Kind', O) =:= 'HotW.Order'
        andalso
        is_integer(N)
        andalso
        is_integer(Acc) ->
    'Loop'(O, N - 1, 'Step'(O, Acc)).
--- HotE
'Step'(O, Acc) when map_get('Kind', O) =:= 'HotE.Order' ->
    Acc + map_get('Total', O).
'Loop'(O, 0, Acc)
    when
        map_get('Kind', O) =:= 'HotE.Order'
        andalso
        is_integer(Acc) ->
    Acc;
'Loop'(O, N, Acc)
    when
        map_get('Kind', O) =:= 'HotE.Order'
        andalso
        is_integer(N)
        andalso
        is_integer(Acc) ->
    'Loop'(O, N - 1, 'Step'(O, Acc)).

load average before: 6.63 14.54 14.38   nproc=4
mod        median        min        max    max-min   (ns per loop iteration; N=10000000 x 61 rounds, rotated order)
HotB       13.119     12.679     19.184      6.505
HotN       10.373     10.051     14.230      4.179
HotW       13.819     13.388     21.656      8.268
HotX       13.133     12.655     18.175      5.520
HotE       14.190     13.759     19.743      5.984

noise floor (HotB vs HotX, identical code), median diff: -0.014 ns/iter
narrow - base (private tag test removed):        -2.746 ns/iter
wide   - base (private int kind test added):     0.700 ns/iter
exported Loop (today's cost of the same guards, base compiler) - base: 1.071 ns/iter
load average after: 5.67 13.31 13.97
