OTP 25 erts 13.2.2.5 emu_flavor=jit schedulers_online=4
rounds=25, iterations per timed call=2000000 (single-call variants: 2000000 calls per rep)

variant         median       min       p25       p75   (ns per call or per loop iteration)
s_tag_u         33.813    33.069    33.200    34.913
s_tag_g         36.313    34.999    35.531    37.873
s_tag_u2        33.776    33.042    33.178    34.791
s_int_u         28.417    27.654    27.950    29.709
s_int_g         28.552    27.884    27.963    29.044
s_int_u2        28.372    27.670    27.997    29.378
i_priv_u         2.340     2.142     2.216     2.741
i_priv_g         2.377     2.122     2.267     3.038
i_priv_gU        2.684     2.523     2.596     2.857
i_priv_uU        2.582     2.454     2.525     2.640
i_ex_u           2.563     2.175     2.313     2.965
i_ex_g           3.205     2.940     3.014     3.422
i_ex_u2          2.418     2.167     2.307     2.918
r_priv_u        12.226    11.798    12.024    12.628
r_priv_g        20.291    19.152    19.448    22.317
r_priv_u2       12.298    11.982    12.146    12.755
u_priv_u        23.998    23.020    23.328    27.285
u_priv_g        31.701    30.595    30.835    34.877

NOISE FLOOR (identical twins), guarded-vs-unguarded deltas below should be read against these:
  s_tag  twin: median -0.037  min -0.027
  s_int  twin: median -0.045  min +0.016
  i_ex   twin: median -0.144  min -0.009
  r_priv twin: median +0.072  min +0.184

DELTAS (guarded - unguarded), ns per call/iteration:
  single exported, tag test        : median +2.500  min +1.930
  single exported, is_integer      : median +0.134  min +0.230
  private loop, int, caller proves : median +0.037  min -0.020
  private loop, int, caller unknown: median +0.103  min +0.070
  exported loop, int               : median +0.643  min +0.764
  private loop, record read-only   : median +8.065  min +7.354
  private loop, record rebuilt     : median +7.702  min +7.574

--- asm of loop in i_priv_g (line/func_info/var_info annotations dropped) ---
{function, loop, 2, 4}.
  {label,3}.
  {label,4}.
    {test,is_eq_exact,{f,5},[{tr,{x,0},{t_integer,any}},{integer,0}]}.
    {move,{x,1},{x,0}}.
    return.
  {label,5}.
    {gc_bif,'-',{f,0},2,[{tr,{x,0},{t_integer,any}},{integer,1}],{x,2}}.
    {gc_bif,'+',
            {f,0},
            3,
            [{tr,{x,1},{t_integer,any}},{tr,{x,0},{t_integer,any}}],
            {x,1}}.
    {move,{x,2},{x,0}}.
    {call_only,2,{f,4}}. % loop/2

--- asm of loop in i_priv_gU (line/func_info/var_info annotations dropped) ---
{function, loop, 2, 4}.
  {label,3}.
  {label,4}.
    {test,is_eq_exact,{f,5},[{x,0},{integer,0}]}.
    {test,is_integer,{f,3},[{x,1}]}.
    {move,{x,1},{x,0}}.
    return.
  {label,5}.
    {test,is_integer,{f,3},[{x,0}]}.
    {test,is_integer,{f,3},[{x,1}]}.
    {gc_bif,'-',{f,0},2,[{tr,{x,0},{t_integer,any}},{integer,1}],{x,2}}.
    {gc_bif,'+',
            {f,0},
            3,
            [{tr,{x,1},{t_integer,any}},{tr,{x,0},{t_integer,any}}],
            {x,1}}.
    {move,{x,2},{x,0}}.
    {call_only,2,{f,4}}. % loop/2

--- asm of loop in i_ex_g (line/func_info/var_info annotations dropped) ---
{function, loop, 2, 2}.
  {label,1}.
  {label,2}.
    {test,is_eq_exact,{f,3},[{x,0},{integer,0}]}.
    {test,is_integer,{f,1},[{x,1}]}.
    {move,{x,1},{x,0}}.
    return.
  {label,3}.
    {test,is_integer,{f,1},[{x,0}]}.
    {test,is_integer,{f,1},[{x,1}]}.
    {gc_bif,'-',{f,0},2,[{tr,{x,0},{t_integer,any}},{integer,1}],{x,2}}.
    {gc_bif,'+',
            {f,0},
            3,
            [{tr,{x,1},{t_integer,any}},{tr,{x,0},{t_integer,any}}],
            {x,1}}.
    {move,{x,2},{x,0}}.
    {call_only,2,{f,2}}. % loop/2

--- asm of loop in r_priv_g (line/func_info/var_info annotations dropped) ---
{function, loop, 3, 4}.
  {label,3}.
  {label,4}.
    {test,is_eq_exact,{f,5},[{x,0},{integer,0}]}.
    {bif,map_get,{f,5},[{atom,'Kind'},{tr,{x,1},{t_map,any,any}}],{x,3}}.
    {test,is_eq_exact,{f,5},[{x,3},{atom,'Order'}]}.
    {move,{x,2},{x,0}}.
    return.
  {label,5}.
    {bif,map_get,{f,3},[{atom,'Kind'},{tr,{x,1},{t_map,any,any}}],{x,3}}.
    {test,is_eq_exact,{f,3},[{x,3},{atom,'Order'}]}.
    {gc_bif,'-',{f,0},3,[{x,0},{integer,1}],{x,0}}.
    {bif,map_get,{f,0},[{atom,total},{tr,{x,1},{t_map,any,any}}],{x,3}}.
    {gc_bif,'+',{f,0},4,[{tr,{x,2},number},{x,3}],{x,2}}.
    {call_only,3,{f,4}}. % loop/3
