== base HeavyPos (round 1)
  parse   min     614  median     759  mean     841 us   (n=30, parse result: ok)
  compile min   85800  median   92714  mean   96448 us   (exit status 0)
== A HeavyPos (round 1)
  parse   min     672  median     786  mean     847 us   (n=30, parse result: ok)
  compile min   85954  median   92121  mean   94965 us   (exit status 0)
== B HeavyPos (round 1)
  parse   min     645  median     825  mean     896 us   (n=30, parse result: ok)
  compile min   89330  median   96477  mean   99097 us   (exit status 0)
== C HeavyPos (round 1)
  parse   min     638  median     792  mean     859 us   (n=30, parse result: ok)
  compile min   88319  median   93754  mean   97005 us   (exit status 0)
== base HeavyPos (round 2)
  parse   min     670  median     800  mean     877 us   (n=30, parse result: ok)
  compile min   85670  median   92283  mean   93754 us   (exit status 0)
== A HeavyPos (round 2)
  parse   min     647  median     781  mean     903 us   (n=30, parse result: ok)
  compile min   83881  median   90957  mean   94942 us   (exit status 0)
== B HeavyPos (round 2)
  parse   min     670  median     980  mean    1452 us   (n=30, parse result: ok)
  compile min   84283  median   92371  mean   94486 us   (exit status 0)
== C HeavyPos (round 2)
  parse   min     643  median     777  mean     843 us   (n=30, parse result: ok)
  compile min   86718  median   91815  mean   96692 us   (exit status 0)
== base HeavyNeg (diagnostics suppressed)
  CLI exit status: 1
== A HeavyNeg (diagnostics suppressed)
  CLI exit status: 1
== B HeavyNeg (diagnostics suppressed)
  CLI exit status: 0
  parse   min     739  median     856  mean     986 us   (n=30, parse result: ok)
  compile min   92750  median  102071  mean  104286 us   (exit status 0)
== C HeavyNeg (diagnostics suppressed)
  CLI exit status: 0
  parse   min     706  median     878  mean     966 us   (n=30, parse result: ok)
  compile min   87370  median   97925  mean  100497 us   (exit status 0)
