:Shop.New(1)            ERR {1, 10} "unexpected ( after alias New. Function names and identifiers in Elixir start with lowercase characters or underscore. For example:\n\n    hello_world()\n    _starting_with_underscore()\n    numb3rs_are_allowed()\n    may_finish_with_question_mark?()\n    may_finish_with_exclamation_mark!()\n\nUnexpected token: " "("
:Shop.New               ERR {1, 7} "atom cannot be followed by an alias. If the '.' was meant to be part of the atom's name, the atom name must be quoted. Syntax error before: " "'.'"
:Shop.new(1)            OK  {{:., [line: 1], [:Shop, :new]}, [line: 1], [1]}
:Shop."New"(1)          OK  {{:., [line: 1], [:Shop, :New]}, [line: 1], [1]}
:Shop.N(1)              ERR {1, 8} "unexpected ( after alias N. Function names and identifiers in Elixir start with lowercase characters or underscore. For example:\n\n    hello_world()\n    _starting_with_underscore()\n    numb3rs_are_allowed()\n    may_finish_with_question_mark?()\n    may_finish_with_exclamation_mark!()\n\nUnexpected token: " "("
Foo.Bar(1)              ERR {1, 8} "unexpected ( after alias Bar. Function names and identifiers in Elixir start with lowercase characters or underscore. For example:\n\n    hello_world()\n    _starting_with_underscore()\n    numb3rs_are_allowed()\n    may_finish_with_question_mark?()\n    may_finish_with_exclamation_mark!()\n\nUnexpected token: " "("
foo.Bar(1)              ERR {1, 8} "unexpected ( after alias Bar. Function names and identifiers in Elixir start with lowercase characters or underscore. For example:\n\n    hello_world()\n    _starting_with_underscore()\n    numb3rs_are_allowed()\n    may_finish_with_question_mark?()\n    may_finish_with_exclamation_mark!()\n\nUnexpected token: " "("
:Shop._New(1)           OK  {{:., [line: 1], [:Shop, :_New]}, [line: 1], [1]}
:Shop.New_(1)           ERR {1, 11} "unexpected ( after alias New_. Function names and identifiers in Elixir start with lowercase characters or underscore. For example:\n\n    hello_world()\n    _starting_with_underscore()\n    numb3rs_are_allowed()\n    may_finish_with_question_mark?()\n    may_finish_with_exclamation_mark!()\n\nUnexpected token: " "("
:Shop.Ne_w(1)           ERR {1, 11} "unexpected ( after alias Ne_w. Function names and identifiers in Elixir start with lowercase characters or underscore. For example:\n\n    hello_world()\n    _starting_with_underscore()\n    numb3rs_are_allowed()\n    may_finish_with_question_mark?()\n    may_finish_with_exclamation_mark!()\n\nUnexpected token: " "("

-- the full human-facing error from eval (what a user sees):
invalid syntax found on nofile:1:10:
    error: unexpected ( after alias New. Function names and identifiers in Elixir start with lowercase characters or underscore. For example:

        hello_world()
        _starting_with_underscore()
        numb3rs_are_allowed()
        may_finish_with_question_mark?()
        may_finish_with_exclamation_mark!()

    Unexpected token: (
    │
  1 │ :Shop.New(1)
    │          ^
    │
    └─ nofile:1:10
