--- elixirc with Shop on the code path (compile-time xref):
      warning: :Shop."Nw"/1 is undefined or private
      │
    3 │   def typo(n),  do: :Shop."Nw"(n)       # misspelt on purpose
      │                           ~
      │
      └─ c.ex:3:27: Caller.typo/1
  
      warning: :Shop."New"/2 is undefined or private. Did you mean:
  
          * "New"/1
  
      │
    4 │   def wrong_arity, do: :Shop."New"(1, 2)
      │                              ~
      │
      └─ c.ex:4:30: Caller.wrong_arity/0
  
      warning: :Shop.new/1 is undefined or private. Did you mean:
  
          * "New"/1
  
      │
    5 │   def lower(n), do: :Shop.new(n)        # what an alias export would make legal
      │                           ~
      │
      └─ c.ex:5:27: Caller.lower/1
  
--- run the compiled caller:
%{Kind: :"Shop.Order", Total: 0, Id: 5}
"function :Shop.\"Nw\"/1 is undefined or private"
--- formatter on the quoted form:
:Shop."New"(1)
x = :Shop."New"(1) |> foo()
:Shop.new(1)
