################ attempt 1
R=9 rounds, ITERS=20000000 calls per timed run, nproc=4, OTP 28, JIT=jit
none loop=7.55 pc1=8.63 pc2=7.91 sc1=7.58 sc2=7.91 effect=-0.52
thin loop=5.57 pc1=9.84 pc2=7.22 sc1=10.06 sc2=8.80 effect=0.89
dup loop=5.75 pc1=8.28 pc2=8.11 sc1=9.39 sc2=7.46 effect=0.23
none loop=5.79 pc1=9.33 pc2=7.82 sc1=7.65 sc2=7.60 effect=-0.95
thin loop=5.48 pc1=6.40 pc2=7.15 sc1=8.53 sc2=7.65 effect=1.32
dup loop=5.25 pc1=6.87 pc2=6.91 sc1=10.12 sc2=7.29 effect=1.81
none loop=7.50 pc1=8.95 pc2=7.83 sc1=7.95 sc2=11.30 effect=1.24
thin loop=5.54 pc1=6.74 pc2=6.78 sc1=8.68 sc2=9.26 effect=2.21
dup loop=6.07 pc1=7.49 pc2=6.33 sc1=7.73 sc2=7.87 effect=0.89
none loop=5.53 pc1=8.21 pc2=8.08 sc1=9.27 sc2=7.79 effect=0.38
thin loop=6.67 pc1=7.45 pc2=6.70 sc1=7.85 sc2=10.40 effect=2.05
dup loop=6.35 pc1=8.02 pc2=6.12 sc1=7.56 sc2=7.99 effect=0.70
none loop=5.71 pc1=8.45 pc2=9.00 sc1=7.95 sc2=7.24 effect=-1.14
thin loop=5.07 pc1=6.17 pc2=7.46 sc1=7.61 sc2=10.49 effect=2.24
dup loop=5.70 pc1=6.40 pc2=7.96 sc1=7.20 sc2=7.16 effect=0.00
none loop=5.12 pc1=7.58 pc2=7.10 sc1=7.88 sc2=7.63 effect=0.42
thin loop=5.25 pc1=8.48 pc2=7.78 sc1=7.84 sc2=7.98 effect=-0.22
dup loop=5.67 pc1=6.37 pc2=6.53 sc1=7.43 sc2=7.09 effect=0.81
none loop=5.39 pc1=8.22 pc2=7.46 sc1=7.76 sc2=7.68 effect=-0.12
thin loop=5.57 pc1=6.38 pc2=6.65 sc1=8.40 sc2=9.76 effect=2.56
dup loop=5.46 pc1=6.25 pc2=7.80 sc1=7.67 sc2=7.80 effect=0.72
none loop=5.78 pc1=7.93 pc2=7.92 sc1=7.21 sc2=8.19 effect=-0.23
thin loop=5.18 pc1=8.25 pc2=6.62 sc1=7.94 sc2=8.91 effect=0.99
dup loop=5.84 pc1=6.76 pc2=9.02 sc1=7.63 sc2=7.90 effect=-0.13
none loop=5.21 pc1=7.70 pc2=7.43 sc1=9.53 sc2=7.30 effect=0.85
thin loop=5.53 pc1=6.43 pc2=6.26 sc1=8.56 sc2=8.35 effect=2.11
dup loop=4.91 pc1=7.14 pc2=6.56 sc1=6.97 sc2=7.33 effect=0.30
--- median over rounds [min..max], ns per call
none  loop     median=  5.71 [  5.12..  7.55]
none  pc1      median=  8.22 [  7.58..  9.33]
none  pc2      median=  7.83 [  7.10..  9.00]
none  sc1      median=  7.88 [  7.21..  9.53]
none  sc2      median=  7.68 [  7.24.. 11.30]
none  effect   median= -0.12 [ -1.14..  1.24]
thin  loop     median=  5.53 [  5.07..  6.67]
thin  pc1      median=  6.74 [  6.17..  9.84]
thin  pc2      median=  6.78 [  6.26..  7.78]
thin  sc1      median=  8.40 [  7.61.. 10.06]
thin  sc2      median=  8.91 [  7.65.. 10.49]
thin  effect   median=  2.05 [ -0.22..  2.56]
dup   loop     median=  5.70 [  4.91..  6.35]
dup   pc1      median=  6.87 [  6.25..  8.28]
dup   pc2      median=  6.91 [  6.12..  9.02]
dup   sc1      median=  7.63 [  6.97.. 10.12]
dup   sc2      median=  7.46 [  7.09..  7.99]
dup   effect   median=  0.70 [ -0.13..  1.81]
null-effect spread width attempt 1 = 2.38 ns (gate: <= 1.0)
GATE FAILED: attempt 1 is too noisy to resolve ~1 ns; retrying
################ attempt 2
R=9 rounds, ITERS=20000000 calls per timed run, nproc=4, OTP 28, JIT=jit
none loop=4.98 pc1=8.07 pc2=7.23 sc1=7.34 sc2=7.85 effect=-0.05
thin loop=4.97 pc1=6.10 pc2=6.92 sc1=7.39 sc2=7.97 effect=1.17
dup loop=5.19 pc1=7.63 pc2=7.63 sc1=7.44 sc2=8.47 effect=0.32
none loop=5.27 pc1=8.02 pc2=7.56 sc1=7.46 sc2=8.78 effect=0.33
thin loop=5.00 pc1=6.95 pc2=6.17 sc1=7.74 sc2=7.81 effect=1.22
dup loop=5.03 pc1=6.52 pc2=6.29 sc1=7.20 sc2=7.45 effect=0.92
none loop=4.85 pc1=7.03 pc2=7.39 sc1=7.16 sc2=7.66 effect=0.20
thin loop=5.04 pc1=6.40 pc2=6.23 sc1=8.42 sc2=7.66 effect=1.73
dup loop=4.84 pc1=6.72 pc2=6.25 sc1=7.65 sc2=7.17 effect=0.92
none loop=4.89 pc1=7.16 pc2=6.94 sc1=7.06 sc2=6.88 effect=-0.08
thin loop=5.06 pc1=6.17 pc2=6.42 sc1=7.47 sc2=7.76 effect=1.32
dup loop=5.01 pc1=6.44 pc2=6.08 sc1=7.02 sc2=6.95 effect=0.73
none loop=5.09 pc1=7.12 pc2=7.27 sc1=7.24 sc2=7.05 effect=-0.05
thin loop=5.02 pc1=6.62 pc2=6.07 sc1=7.51 sc2=7.44 effect=1.13
dup loop=5.30 pc1=6.38 pc2=6.06 sc1=6.98 sc2=6.91 effect=0.73
none loop=5.18 pc1=7.36 pc2=7.13 sc1=7.23 sc2=7.37 effect=0.05
thin loop=5.18 pc1=6.23 pc2=6.61 sc1=7.80 sc2=7.51 effect=1.23
dup loop=4.99 pc1=6.55 pc2=6.13 sc1=7.16 sc2=6.95 effect=0.72
none loop=5.01 pc1=7.35 pc2=7.18 sc1=7.49 sc2=7.46 effect=0.21
thin loop=5.10 pc1=6.17 pc2=6.44 sc1=7.62 sc2=7.75 effect=1.38
dup loop=4.93 pc1=6.81 pc2=6.23 sc1=7.45 sc2=7.11 effect=0.76
none loop=5.01 pc1=7.67 pc2=8.38 sc1=7.70 sc2=7.37 effect=-0.49
thin loop=5.36 pc1=6.04 pc2=6.20 sc1=7.55 sc2=7.54 effect=1.43
dup loop=5.52 pc1=7.19 pc2=6.55 sc1=7.58 sc2=7.54 effect=0.69
none loop=5.44 pc1=7.37 pc2=7.31 sc1=7.50 sc2=7.39 effect=0.10
thin loop=5.08 pc1=6.42 pc2=6.69 sc1=7.52 sc2=8.01 effect=1.21
dup loop=5.53 pc1=6.71 pc2=6.45 sc1=7.27 sc2=7.13 effect=0.62
--- median over rounds [min..max], ns per call
none  loop     median=  5.01 [  4.85..  5.44]
none  pc1      median=  7.36 [  7.03..  8.07]
none  pc2      median=  7.27 [  6.94..  8.38]
none  sc1      median=  7.34 [  7.06..  7.70]
none  sc2      median=  7.39 [  6.88..  8.78]
none  effect   median=  0.05 [ -0.49..  0.33]
thin  loop     median=  5.06 [  4.97..  5.36]
thin  pc1      median=  6.23 [  6.04..  6.95]
thin  pc2      median=  6.42 [  6.07..  6.92]
thin  sc1      median=  7.55 [  7.39..  8.42]
thin  sc2      median=  7.75 [  7.44..  8.01]
thin  effect   median=  1.23 [  1.13..  1.73]
dup   loop     median=  5.03 [  4.84..  5.53]
dup   pc1      median=  6.71 [  6.38..  7.63]
dup   pc2      median=  6.25 [  6.06..  7.63]
dup   sc1      median=  7.27 [  6.98..  7.65]
dup   sc2      median=  7.13 [  6.91..  8.47]
dup   effect   median=  0.73 [  0.32..  0.92]
null-effect spread width attempt 2 = 0.82 ns (gate: <= 1.0)
GATE PASSED on attempt 2
