[base] RESULT absent_option_tests            ok
[base] RESULT absorbed_member_tests          ok
[base] RESULT aggregate_tests                ok
[base] RESULT api_tests                      ok
[base] binary_tests: the_grammar_has_exactly_its_named_conflicts_test...*failed*
[base]   Failed: 1.  Skipped: 0.  Passed: 31.
[base] RESULT binary_tests                   error
[base] RESULT bindings_tests                 ok
[base] body_check_tests: every_aoc_program_still_compiles_test...*failed*
[base]   Failed: 1.  Skipped: 0.  Passed: 53.
[base] RESULT body_check_tests               error
[base] RESULT boundary_kind_tests            ok
[base] RESULT boundary_range_tests           ok
[base] RESULT clause_block_tests             ok
[base] cli_tests: escript_entry_point_exists_test...*failed*
[base]   Failed: 1.  Skipped: 0.  Passed: 20.
[base] RESULT cli_tests                      error
[base] RESULT collapse_tests                 ok
[base] RESULT columns_tests                  ok
[base] RESULT comprehension_tests            ok
[base] RESULT construct_union_tests          ok
[base] RESULT corpus_tests                   ok
[base] corrected_signature_tests: a_declared_form_nothing_can_write_is_named_as_printed_test...*failed*
[base] corrected_signature_tests: an_unnamed_paste_back_failure_is_reported_as_a_defect_test...*failed*
[base] corrected_signature_tests: a_refused_declaration_is_reported_as_a_defect_test...*failed*
[base]   Failed: 3.  Skipped: 0.  Passed: 32.
[base] RESULT corrected_signature_tests      error
[base] RESULT diagnostic_json_tests          ok
[base] diagnostic_term_tests: every_contractual_tag_is_rendered_test...*failed*
[base] diagnostic_term_tests: the_diagnostics_gate_passes_test...*failed*
[base]   Failed: 2.  Skipped: 0.  Passed: 11.
[base] RESULT diagnostic_term_tests          error
[base] RESULT division_tests                 ok
[base] RESULT down_view_tests                ok
[base] RESULT ffi_tests                      ok
[base] RESULT float_tests                    ok
[base] RESULT foreign_guard_tests            ok
[base] RESULT foreign_return_tests           ok
[base] RESULT foreign_wrapper_tests          ok
[base] RESULT function_value_tests           ok
[base] RESULT generics_tests                 ok
[base] RESULT guard_call_tests               ok
[base] RESULT guard_kind_tests               ok
[base] RESULT heads_tests                    ok
[base] RESULT implements_tests               ok
[base] RESULT intervals_tests                ok
[base] RESULT lists_tests                    ok
[base] RESULT map_construction_tests         ok
[base] RESULT map_type_tests                 ok
[base] RESULT map_validate_tests             ok
[base] RESULT modules_tests                  ok
[base] RESULT negation_tests                 ok
[base] RESULT non_numeric_operand_tests      ok
[base] RESULT open_field_set_tests           ok
[base] RESULT otp_tests                      ok
[base] RESULT parse_atom_tests               ok
[base] RESULT pipe_tests                     ok
[base] RESULT poly_signature_tests           ok
[base] RESULT raise_tests                    ok
[base] RESULT record_pattern_tests           ok
[base] RESULT records_tests                  ok
[base] RESULT repl_tests                     ok
[base] RESULT reserved_qualifier_tests       ok
[base] RESULT sibling_notes_tests            ok
[base] RESULT string_key_tests               ok
[base] RESULT strings_tests                  ok
[base] RESULT switch_tests                   ok
[base] RESULT template_tests                 ok
[base] RESULT to_existing_atom_tests         ok
[base] RESULT to_json_tests                  ok
[base] RESULT type_import_tests              ok
[base] RESULT type_prefix_tests              ok
[base] RESULT type_redeclared_tests          ok
[base] RESULT types_tests                    ok
[base] RESULT validate_as_tests              ok
[base] RESULT validation_error_record_tests  ok
[base] RESULT valve_tests                    ok
[base] RESULT visibility_tests               ok
