[A] RESULT absent_option_tests            ok
[A] RESULT absorbed_member_tests          ok
[A] RESULT aggregate_tests                ok
[A] RESULT api_tests                      ok
[A] binary_tests: the_grammar_has_exactly_its_named_conflicts_test...*failed*
[A]   Failed: 1.  Skipped: 0.  Passed: 31.
[A] RESULT binary_tests                   error
[A] RESULT bindings_tests                 ok
[A] body_check_tests: every_aoc_program_still_compiles_test...*failed*
[A]   Failed: 1.  Skipped: 0.  Passed: 53.
[A] RESULT body_check_tests               error
[A] RESULT boundary_kind_tests            ok
[A] RESULT boundary_range_tests           ok
[A] RESULT clause_block_tests             ok
[A] cli_tests: escript_entry_point_exists_test...*failed*
[A]   Failed: 1.  Skipped: 0.  Passed: 20.
[A] RESULT cli_tests                      error
[A] RESULT collapse_tests                 ok
[A] RESULT columns_tests                  ok
[A] RESULT comprehension_tests            ok
[A] RESULT construct_union_tests          ok
[A] RESULT corpus_tests                   ok
[A] corrected_signature_tests: a_declared_form_nothing_can_write_is_named_as_printed_test...*failed*
[A] corrected_signature_tests: an_unnamed_paste_back_failure_is_reported_as_a_defect_test...*failed*
[A] corrected_signature_tests: a_refused_declaration_is_reported_as_a_defect_test...*failed*
[A]   Failed: 3.  Skipped: 0.  Passed: 32.
[A] RESULT corrected_signature_tests      error
[A] RESULT diagnostic_json_tests          ok
[A] diagnostic_term_tests: every_contractual_tag_is_rendered_test...*failed*
[A] diagnostic_term_tests: the_diagnostics_gate_passes_test...*failed*
[A]   Failed: 2.  Skipped: 0.  Passed: 11.
[A] RESULT diagnostic_term_tests          error
[A] RESULT division_tests                 ok
[A] RESULT down_view_tests                ok
[A] RESULT ffi_tests                      ok
[A] RESULT float_tests                    ok
[A] RESULT foreign_guard_tests            ok
[A] RESULT foreign_return_tests           ok
[A] RESULT foreign_wrapper_tests          ok
[A] RESULT function_value_tests           ok
[A] RESULT generics_tests                 ok
[A] RESULT guard_call_tests               ok
[A] RESULT guard_kind_tests               ok
[A] RESULT heads_tests                    ok
[A] RESULT implements_tests               ok
[A] intervals_tests: an_unreadable_refinement_predicate_is_an_error_test...*failed*
[A]   Failed: 1.  Skipped: 0.  Passed: 34.
[A] RESULT intervals_tests                error
[A] RESULT lists_tests                    ok
[A] RESULT map_construction_tests         ok
[A] RESULT map_type_tests                 ok
[A] RESULT map_validate_tests             ok
[A] RESULT modules_tests                  ok
[A] RESULT negation_tests                 ok
[A] RESULT non_numeric_operand_tests      ok
[A] RESULT open_field_set_tests           ok
[A] RESULT otp_tests                      ok
[A] RESULT parse_atom_tests               ok
[A] RESULT pipe_tests                     ok
[A] RESULT poly_signature_tests           ok
[A] RESULT raise_tests                    ok
[A] RESULT record_pattern_tests           ok
[A] RESULT records_tests                  ok
[A] RESULT repl_tests                     ok
[A] RESULT reserved_qualifier_tests       ok
[A] RESULT sibling_notes_tests            ok
[A] RESULT string_key_tests               ok
[A] RESULT strings_tests                  ok
[A] RESULT switch_tests                   ok
[A] RESULT template_tests                 ok
[A] RESULT to_existing_atom_tests         ok
[A] RESULT to_json_tests                  ok
[A] RESULT type_import_tests              ok
[A] RESULT type_prefix_tests              ok
[A] RESULT type_redeclared_tests          ok
[A] RESULT types_tests                    ok
[A] RESULT validate_as_tests              ok
[A] RESULT validation_error_record_tests  ok
[A] RESULT valve_tests                    ok
[A] RESULT visibility_tests               ok
