2:-compile([no_auto_import, nowarn_unused_vars, nowarn_unused_function, nowarn_nomatch, inline]).
e_default: bytes=1316 spin: --- spin/4 (26 instrs) calls_in_spin=3
e_inline: bytes=1216 spin: --- spin/4 (25 instrs) calls_in_spin=1
b_default: bytes=1336 spin: --- 'Spin'/4 (26 instrs) calls_in_spin=3
b_inline: bytes=1216 spin: --- 'Spin'/4 (28 instrs) calls_in_spin=2
b_inline_listed: bytes=1320 spin: --- 'Spin'/4 (25 instrs) calls_in_spin=1

== timing (min is the stable column; box is shared & loaded) 100 rounds x3 ==
impl             min ms   med ms   p90 ms   max ms min/bes
e_default         16.84    17.21    19.09    25.44  1.564x
e_inline          10.79    10.96    11.43    17.43  1.002x
b_default         16.68    17.10    19.06    20.36  1.549x
b_inline          10.84    11.20    12.71    21.45  1.007x
b_inline_liste    10.77    10.99    11.83    17.49  1.000x
gleam             10.79    10.98    11.51    12.99  1.001x

impl             min ms   med ms   p90 ms   max ms min/bes
e_default         16.83    17.09    18.75    19.71  1.589x
e_inline          10.80    10.94    11.34    12.48  1.020x
b_default         16.65    16.97    17.84    19.85  1.572x
b_inline          10.59    11.16    12.07    14.78  1.000x
b_inline_liste    10.80    10.94    11.33    11.72  1.020x
gleam             10.79    10.91    11.34    18.69  1.019x

impl             min ms   med ms   p90 ms   max ms min/bes
e_default         16.82    17.10    18.60    28.39  1.561x
e_inline          10.80    10.95    11.40    18.11  1.002x
b_default         16.71    17.02    18.66    26.47  1.551x
b_inline          10.80    11.22    11.86    18.23  1.003x
b_inline_liste    10.79    10.95    11.27    14.27  1.001x
gleam             10.77    10.94    11.46    21.31  1.000x

