### Gleam gleam 1.12.0: generated Erlang header (full file saved as probes/16_gleam_generated.erl)
-module(bench_gleam).
-compile([no_auto_import, nowarn_unused_vars, nowarn_unused_function, nowarn_nomatch, inline]).
-define(FILEPATH, "src/bench_gleam.gleam").
-export([part_two/1]).

...  every fn has: 7 -spec lines; inline attribute present: 1

### Elixir 1.14 (OTP25): attributes in generated forms (work/ex_forms.term)
3: {attribute,1,compile,[no_auto_import]},
spec forms in Elixir output: 1 (that one is __info__/1, Elixir adds no spec for defp)

### compile time, 7 reps each, wall seconds (min / median)
erlc bench_erl.erl                 : 348 ms min, 440 ms median
erlc +from_abstr Day01.abstr       : 427 ms min, 485 ms median
erlc +from_abstr +inline           : 485 ms min, 589 ms median
bsc -o (parse+check+emit+erlc)     : 536 ms min, 632 ms median
erl VM boot alone (baseline)       : 264 ms min, 362 ms median

### beam bytes
2284 /tmp/v39.xw9V/ebin/Day01.beam
1468 /tmp/v39.xw9V/ebin/Elixir.BenchEx.beam
1332 /tmp/v39.xw9V/ebin/bench_erl.beam
2420 /tmp/v39.xw9V/ebin/bench_gleam.beam
