===============================================================
1. What does B# EMIT?
===============================================================
    module atoms, from the beam filenames:
        Shop.Collections.Ints
        Shop.Reports
        Shop

    So the module atom is the dotted path and nothing else -- `Shop`,
    `Shop.Reports`. No language-wide prefix. Compare:

        Erlang    shop                      (flat, lowercase)
        Elixir    Elixir.Shop               (prefixed)
        Gleam     deep@nested               (path, @-separated, no prefix)
        B#        Shop.Reports              (path, .-separated, no prefix)

===============================================================
2. ERLANG — can it call in with ordinary syntax?
===============================================================
        'Shop':'New'(1)   -> #{'Kind' => 'Shop.Order','Id' => 1,'Total' => 0}
        'Shop':'Which'(_) -> order

    Yes. Erlang quotes atoms freely, so PascalCase costs it nothing.

===============================================================
3. ELIXIR — and this is where it stops being symmetric
===============================================================

    (a) the exports are PascalCase:
        exports                                 [Amount: 1, Band: 1, Bump: 1, New: 1, Pay: 1, Squared: 1, Total: 1, Which: 1, bs@type_atoms: 0]

    (b) can Elixir call them with dot syntax?
        :Shop.New(1)                            :SYNTAX_ERROR
        :Shop.new(1)                            :parses
        apply(:Shop, :New, [1])                 :parses

    ...and does a module PREFIX rescue it? (David's question)
        :"BSharp.Shop".New(1)                   :SYNTAX_ERROR
        :"Shop.Reports".Totals(1)               :SYNTAX_ERROR
        :"Elixir.Shop".New(1)                   :SYNTAX_ERROR
        :"BSharp.Shop".new(1)                   :parses

        No prefix helps -- not even Elixir's own. The blocker is
        the capitalised FUNCTION name, and no module naming
        scheme touches it.

    (c) what does a B# record look like once it arrives?
        the value                               %{Kind: :"Shop.Order", Id: 7, Total: 0}
        is_struct?                              false
        has :__struct__?                        false
        has :Kind?                              true

    (d) can Elixir match it?
        as a map pattern                        {:matched_as_a_map, 7}
        as any struct (%_{})                    :NOT_a_struct

    (e) can Elixir hand a value BACK that B# accepts?
        right tag                               :order
        wrong tag                               {:raised, FunctionClauseError}
        an Elixir struct, same fields           {:raised, FunctionClauseError}

===============================================================
4. GLEAM — does it have the same trouble?
===============================================================
    building a gleam caller with @external(erlang, "Shop", "New")...
          Resolving versions
        error: Dependency resolution failed
        
        An error occurred while choosing the version of gleam_stdlib: error sending
        request for url (https://repo.hex.pm/packages/gleam_stdlib)
        

===============================================================
VERDICT
===============================================================
    Calling INTO B# needs no declaration at all -- Erlang and Elixir
    are dynamic, so a B# module is just a .beam with exports. The FFI
    burden is entirely on the typed side, and it is NOT symmetric with
    B# calling out.

    But three frictions, and the first is Elixir's alone:

      1. Elixir cannot use dot syntax on a PascalCase export, and no
         module prefix fixes it. Callers are pushed to apply/3.
         Erlang is unaffected.

      2. A B# record arrives as a plain tagged map, not a struct. It
         can be matched as a map, but `%Order{}` is unavailable and it
         gets none of the struct machinery.

      3. The minted `Kind` tag is a REQUIRED part of the ABI. A caller
         must write it by hand to be accepted, and a wrong one is a
         FunctionClauseError. Ticket 26 calls `Kind` "the one key a
         construction may not name" -- inside B#. Outside it, everyone
         must name it. It is private and public at once.
done.

################ row-by-row check against ticket 62's text
REPRODUCED      :Shop.New(1) -> SYNTAX_ERROR
REPRODUCED      :"BSharp.Shop".New(1) -> SYNTAX_ERROR
REPRODUCED      :"Shop.Reports".Totals(1) -> SYNTAX_ERROR
REPRODUCED      :"Elixir.Shop".New(1) -> SYNTAX_ERROR
REPRODUCED      :"BSharp.Shop".new(1) -> parses
REPRODUCED      apply(:Shop, :New, [1]) -> parses (and runs)
REPRODUCED      Erlang 'Shop':'New'(1) works
REPRODUCED      record arrives as plain map, is_struct? false
REPRODUCED      wrong tag -> FunctionClauseError
REPRODUCED      Elixir struct same fields -> FunctionClauseError
NOT REPRODUCED  Gleam part of 62a builds (ticket: 'compiles')
(the Gleam row cannot reproduce here: 62a runs `gleam new` which adds gleam_stdlib; hex.pm is blocked. p05 re-does it with no deps.)
