:Casing.http_get(1)       :parses                                                       {:ok, 2}   quoted-form: {:ok, 2}
:Casing.to_json(1)        :parses                                                       {:ok, 2}   quoted-form: {:ok, 2}
:Casing.add2(1)           :parses                                                       {:ok, 2}   quoted-form: {:ok, 2}
:Casing.vec3_dot(1)       :parses                                                       {:ok, 2}   quoted-form: {:ok, 2}
:Casing.foo_bar(1)        :parses                                                       {:ok, 2}   quoted-form: {:ok, 2}
:Casing.get_http_response(1):parses                                                       {:ok, 2}   quoted-form: {:ok, 2}
:Casing.io_list(1)        :parses                                                       {:ok, 2}   quoted-form: {:ok, 2}
:Casing.new(1)            :parses                                                       {:ok, 2}   quoted-form: {:ok, 2}
:Casing.spawn(1)          :parses                                                       {:ok, 2}   quoted-form: {:ok, 2}
:Casing.abs(1)            :parses                                                       {:ok, 2}   quoted-form: {:ok, 2}
:Casing.do(1)             :parses                                                       {:ok, 2}   quoted-form: {:ok, 2}
:Casing.end(1)            :parses                                                       {:ok, 2}   quoted-form: {:ok, 2}
:Casing.if(1)             :parses                                                       {:ok, 2}   quoted-form: {:ok, 2}
:Casing.fn(1)             :parses                                                       {:ok, 2}   quoted-form: {:ok, 2}
:Casing.nil(1)            :parses                                                       {:ok, 2}   quoted-form: {:ok, 2}
:Casing.true(1)           :parses                                                       {:ok, 2}   quoted-form: {:ok, 2}
:Casing.when(1)           :parses                                                       {:ok, 2}   quoted-form: {:ok, 2}
:Casing.and(1)            :parses                                                       {:ok, 2}   quoted-form: {:ok, 2}
:Casing.not(1)            :parses                                                       {:ok, 2}   quoted-form: {:ok, 2}
:Casing.case(1)           :parses                                                       {:ok, 2}   quoted-form: {:ok, 2}
:Casing.receive(1)        :parses                                                       {:ok, 2}   quoted-form: {:ok, 2}
:Casing.of(1)             :parses                                                       {:ok, 2}   quoted-form: {:ok, 2}
import :Casing, only: [http_get: 1]; http_get(1)  -> {:ok, 2}
