
== 'ScoreAt1Value'/1 (entry label 4)
   {line,1}
   {label,3}
   {func_info,{atom,'Sz3'},{atom,'ScoreAt1Value'},1}
   {label,4}
   {test,is_integer,{f,3},[{x,0}]}
   {test,is_ge,{f,5},[{tr,{x,0},{t_integer,any}},{integer,2}]}
   {gc_bif,'-',{f,0},1,[{tr,{x,0},{t_integer,{2,'+inf'}}},{integer,1}],{x,0}}
   return
   {label,5}
   {line,2}
   {gc_bif,'-',{f,0},1,[{integer,1},{tr,{x,0},{t_integer,{'-inf',1}}}],{x,0}}
   return

== score_at1_value/1 (entry label 7)
   {line,0}
   {label,6}
   {func_info,{atom,'Sz3'},{atom,score_at1_value},1}
   {label,7}
   {call_only,1,{'Sz3','ScoreAt1Value',1}}

alias has allocate (a frame)? false
alias instructions: [line,label,func_info,label,call_only]
