################ attempt 1
R=9 rounds, ITERS=20000000 calls per timed run, nproc=4, OTP 28, JIT=jit
none loop=5.82 pc1=7.06 pc2=8.62 sc1=8.08 sc2=7.55 effect=-0.03
thin loop=4.99 pc1=6.38 pc2=6.83 sc1=8.39 sc2=7.99 effect=1.59
dup loop=5.19 pc1=7.45 pc2=7.15 sc1=9.60 sc2=7.72 effect=1.37
none loop=5.25 pc1=7.70 pc2=9.86 sc1=7.17 sc2=7.43 effect=-1.48
thin loop=5.02 pc1=7.49 pc2=6.51 sc1=8.33 sc2=7.51 effect=0.92
dup loop=5.17 pc1=7.22 pc2=6.59 sc1=7.47 sc2=8.38 effect=1.02
none loop=6.08 pc1=7.06 pc2=7.52 sc1=9.17 sc2=6.98 effect=0.78
thin loop=5.03 pc1=6.39 pc2=7.44 sc1=8.68 sc2=8.09 effect=1.48
dup loop=6.16 pc1=6.83 pc2=6.83 sc1=7.55 sc2=7.33 effect=0.61
none loop=5.57 pc1=7.51 pc2=7.81 sc1=7.58 sc2=9.61 effect=0.94
thin loop=5.27 pc1=6.29 pc2=6.91 sc1=7.65 sc2=8.76 effect=1.60
dup loop=6.68 pc1=7.70 pc2=6.16 sc1=7.79 sc2=7.12 effect=0.53
none loop=5.86 pc1=8.64 pc2=7.43 sc1=9.09 sc2=8.04 effect=0.53
thin loop=6.25 pc1=6.44 pc2=8.73 sc1=8.00 sc2=10.01 effect=1.41
dup loop=5.22 pc1=7.77 pc2=6.36 sc1=7.71 sc2=8.22 effect=0.91
none loop=7.60 pc1=10.56 pc2=8.60 sc1=7.44 sc2=8.34 effect=-1.69
thin loop=6.90 pc1=6.30 pc2=6.59 sc1=7.86 sc2=8.71 effect=1.84
dup loop=5.02 pc1=7.74 pc2=7.26 sc1=7.18 sc2=7.84 effect=0.01
none loop=5.31 pc1=7.99 pc2=9.34 sc1=8.87 sc2=9.03 effect=0.29
thin loop=5.32 pc1=7.96 pc2=8.21 sc1=10.56 sc2=7.67 effect=1.03
dup loop=5.30 pc1=6.83 pc2=7.58 sc1=8.39 sc2=8.52 effect=1.25
none loop=5.10 pc1=7.09 pc2=7.16 sc1=7.78 sc2=8.47 effect=1.00
thin loop=5.75 pc1=6.49 pc2=6.48 sc1=7.76 sc2=8.17 effect=1.48
dup loop=5.49 pc1=6.70 pc2=6.66 sc1=7.56 sc2=7.62 effect=0.91
none loop=4.97 pc1=7.10 pc2=7.03 sc1=7.32 sc2=8.07 effect=0.64
thin loop=5.23 pc1=6.46 pc2=6.54 sc1=7.67 sc2=7.86 effect=1.26
dup loop=5.06 pc1=7.25 pc2=6.86 sc1=8.51 sc2=7.36 effect=0.88
--- median over rounds [min..max], ns per call
none  loop     median=  5.57 [  4.97..  7.60]
none  pc1      median=  7.51 [  7.06.. 10.56]
none  pc2      median=  7.81 [  7.03..  9.86]
none  sc1      median=  7.78 [  7.17..  9.17]
none  sc2      median=  8.07 [  6.98..  9.61]
none  effect   median=  0.53 [ -1.69..  1.00]
thin  loop     median=  5.27 [  4.99..  6.90]
thin  pc1      median=  6.44 [  6.29..  7.96]
thin  pc2      median=  6.83 [  6.48..  8.73]
thin  sc1      median=  8.00 [  7.65.. 10.56]
thin  sc2      median=  8.09 [  7.51.. 10.01]
thin  effect   median=  1.48 [  0.92..  1.84]
dup   loop     median=  5.22 [  5.02..  6.68]
dup   pc1      median=  7.25 [  6.70..  7.77]
dup   pc2      median=  6.83 [  6.16..  7.58]
dup   sc1      median=  7.71 [  7.18..  9.60]
dup   sc2      median=  7.72 [  7.12..  8.52]
dup   effect   median=  0.91 [  0.01..  1.37]
null-effect spread width attempt 1 = 2.69 ns (gate: <= 1.0)
GATE FAILED: attempt 1 is too noisy to resolve ~1 ns; retrying
################ attempt 2
R=9 rounds, ITERS=20000000 calls per timed run, nproc=4, OTP 28, JIT=jit
none loop=4.97 pc1=8.31 pc2=7.34 sc1=8.14 sc2=7.30 effect=-0.10
thin loop=5.16 pc1=6.90 pc2=6.99 sc1=8.79 sc2=7.97 effect=1.43
dup loop=4.95 pc1=6.59 pc2=6.20 sc1=7.26 sc2=7.13 effect=0.80
none loop=5.33 pc1=7.49 pc2=7.77 sc1=8.82 sc2=7.91 effect=0.74
thin loop=5.54 pc1=6.13 pc2=6.78 sc1=7.71 sc2=7.61 effect=1.20
dup loop=5.65 pc1=6.81 pc2=6.54 sc1=7.87 sc2=7.22 effect=0.87
none loop=5.22 pc1=7.84 pc2=7.52 sc1=7.73 sc2=7.07 effect=-0.28
thin loop=5.30 pc1=6.27 pc2=7.70 sc1=7.68 sc2=8.29 effect=0.99
dup loop=4.89 pc1=6.57 pc2=6.48 sc1=7.63 sc2=6.94 effect=0.76
none loop=5.09 pc1=7.70 pc2=7.80 sc1=8.07 sc2=8.08 effect=0.32
thin loop=5.32 pc1=6.63 pc2=6.13 sc1=7.68 sc2=7.50 effect=1.21
dup loop=5.09 pc1=6.53 pc2=7.22 sc1=7.18 sc2=7.27 effect=0.35
none loop=4.92 pc1=7.15 pc2=7.34 sc1=7.21 sc2=8.11 effect=0.42
thin loop=5.15 pc1=6.61 pc2=6.64 sc1=7.49 sc2=7.58 effect=0.91
dup loop=5.29 pc1=7.36 pc2=6.55 sc1=8.56 sc2=7.10 effect=0.87
none loop=5.36 pc1=7.54 pc2=7.89 sc1=7.23 sc2=7.18 effect=-0.51
thin loop=5.28 pc1=6.66 pc2=6.44 sc1=7.93 sc2=8.54 effect=1.69
dup loop=4.88 pc1=6.37 pc2=6.85 sc1=7.12 sc2=7.04 effect=0.47
none loop=5.18 pc1=7.66 pc2=7.85 sc1=7.75 sc2=7.69 effect=-0.04
thin loop=4.93 pc1=6.90 pc2=7.04 sc1=7.97 sc2=8.07 effect=1.04
dup loop=6.65 pc1=8.15 pc2=6.96 sc1=7.46 sc2=7.51 effect=-0.07
none loop=5.47 pc1=7.31 pc2=7.55 sc1=7.49 sc2=7.90 effect=0.27
thin loop=5.61 pc1=6.78 pc2=6.87 sc1=9.20 sc2=7.53 effect=1.54
dup loop=4.95 pc1=6.43 pc2=6.20 sc1=7.10 sc2=7.23 effect=0.85
none loop=5.05 pc1=7.14 pc2=7.23 sc1=7.36 sc2=7.12 effect=0.06
thin loop=5.35 pc1=6.18 pc2=6.15 sc1=7.53 sc2=8.03 effect=1.62
dup loop=5.23 pc1=6.80 pc2=6.38 sc1=6.97 sc2=7.68 effect=0.74
--- median over rounds [min..max], ns per call
none  loop     median=  5.18 [  4.92..  5.47]
none  pc1      median=  7.54 [  7.14..  8.31]
none  pc2      median=  7.55 [  7.23..  7.89]
none  sc1      median=  7.73 [  7.21..  8.82]
none  sc2      median=  7.69 [  7.07..  8.11]
none  effect   median=  0.06 [ -0.51..  0.74]
thin  loop     median=  5.30 [  4.93..  5.61]
thin  pc1      median=  6.63 [  6.13..  6.90]
thin  pc2      median=  6.78 [  6.13..  7.70]
thin  sc1      median=  7.71 [  7.49..  9.20]
thin  sc2      median=  7.97 [  7.50..  8.54]
thin  effect   median=  1.21 [  0.91..  1.69]
dup   loop     median=  5.09 [  4.88..  6.65]
dup   pc1      median=  6.59 [  6.37..  8.15]
dup   pc2      median=  6.54 [  6.20..  7.22]
dup   sc1      median=  7.26 [  6.97..  8.56]
dup   sc2      median=  7.22 [  6.94..  7.68]
dup   effect   median=  0.76 [ -0.07..  0.87]
null-effect spread width attempt 2 = 1.25 ns (gate: <= 1.0)
GATE FAILED: attempt 2 is too noisy to resolve ~1 ns; retrying
################ attempt 3
R=9 rounds, ITERS=20000000 calls per timed run, nproc=4, OTP 28, JIT=jit
none loop=5.54 pc1=7.41 pc2=7.41 sc1=7.49 sc2=7.25 effect=-0.04
thin loop=5.37 pc1=6.49 pc2=6.42 sc1=8.47 sc2=8.05 effect=1.81
dup loop=5.37 pc1=6.67 pc2=6.15 sc1=7.53 sc2=7.05 effect=0.88
none loop=5.10 pc1=7.18 pc2=7.09 sc1=8.65 sc2=7.20 effect=0.79
thin loop=4.92 pc1=6.29 pc2=6.51 sc1=8.04 sc2=8.29 effect=1.77
dup loop=4.95 pc1=6.47 pc2=6.14 sc1=7.16 sc2=6.85 effect=0.70
none loop=5.21 pc1=7.26 pc2=7.06 sc1=7.12 sc2=7.15 effect=-0.02
thin loop=4.98 pc1=6.01 pc2=6.02 sc1=7.41 sc2=7.87 effect=1.62
dup loop=5.03 pc1=6.49 pc2=6.41 sc1=7.15 sc2=7.03 effect=0.64
none loop=5.05 pc1=7.42 pc2=7.27 sc1=7.56 sc2=6.95 effect=-0.09
thin loop=5.12 pc1=6.21 pc2=6.55 sc1=7.69 sc2=7.73 effect=1.33
dup loop=5.07 pc1=6.30 pc2=6.05 sc1=7.18 sc2=7.11 effect=0.97
none loop=5.07 pc1=7.01 pc2=7.86 sc1=7.55 sc2=7.36 effect=0.02
thin loop=6.13 pc1=6.76 pc2=6.98 sc1=7.85 sc2=8.17 effect=1.14
dup loop=5.10 pc1=6.60 pc2=6.28 sc1=7.29 sc2=7.14 effect=0.77
none loop=5.45 pc1=7.35 pc2=7.10 sc1=8.06 sc2=7.88 effect=0.75
thin loop=5.03 pc1=6.09 pc2=6.46 sc1=7.87 sc2=7.61 effect=1.47
dup loop=4.92 pc1=6.53 pc2=6.55 sc1=7.67 sc2=7.63 effect=1.11
none loop=5.31 pc1=7.24 pc2=7.46 sc1=7.96 sc2=8.06 effect=0.66
thin loop=5.44 pc1=6.85 pc2=6.24 sc1=7.46 sc2=7.47 effect=0.92
dup loop=5.21 pc1=7.21 pc2=6.66 sc1=7.81 sc2=7.15 effect=0.55
none loop=5.08 pc1=7.16 pc2=7.25 sc1=7.72 sc2=7.15 effect=0.23
thin loop=5.01 pc1=6.19 pc2=6.22 sc1=7.76 sc2=7.51 effect=1.42
dup loop=4.92 pc1=6.78 pc2=6.61 sc1=7.13 sc2=7.04 effect=0.39
none loop=5.00 pc1=6.91 pc2=7.43 sc1=7.31 sc2=7.07 effect=0.03
thin loop=5.82 pc1=6.50 pc2=6.46 sc1=7.60 sc2=7.95 effect=1.29
dup loop=5.09 pc1=6.28 pc2=6.41 sc1=6.93 sc2=7.34 effect=0.79
--- median over rounds [min..max], ns per call
none  loop     median=  5.10 [  5.00..  5.54]
none  pc1      median=  7.24 [  6.91..  7.42]
none  pc2      median=  7.27 [  7.06..  7.86]
none  sc1      median=  7.56 [  7.12..  8.65]
none  sc2      median=  7.20 [  6.95..  8.06]
none  effect   median=  0.03 [ -0.09..  0.79]
thin  loop     median=  5.12 [  4.92..  6.13]
thin  pc1      median=  6.29 [  6.01..  6.85]
thin  pc2      median=  6.46 [  6.02..  6.98]
thin  sc1      median=  7.76 [  7.41..  8.47]
thin  sc2      median=  7.87 [  7.47..  8.29]
thin  effect   median=  1.42 [  0.92..  1.81]
dup   loop     median=  5.07 [  4.92..  5.37]
dup   pc1      median=  6.53 [  6.28..  7.21]
dup   pc2      median=  6.41 [  6.05..  6.66]
dup   sc1      median=  7.18 [  6.93..  7.81]
dup   sc2      median=  7.11 [  6.85..  7.63]
dup   effect   median=  0.77 [  0.39..  1.11]
null-effect spread width attempt 3 = 0.88 ns (gate: <= 1.0)
GATE PASSED on attempt 3
