R=9 rounds, ITERS=20000000 calls per timed run, nproc=4, OTP 28, JIT=jit
none loop=9.14 pc1=10.58 pc2=14.86 sc1=10.00 sc2=11.95 effect=-1.74
thin loop=6.75 pc1=6.63 pc2=7.78 sc1=8.35 sc2=9.76 effect=1.85
dup loop=8.97 pc1=11.27 pc2=7.40 sc1=13.62 sc2=19.77 effect=7.36
none loop=9.90 pc1=17.41 pc2=15.91 sc1=19.40 sc2=13.23 effect=-0.34
thin loop=8.19 pc1=11.29 pc2=15.91 sc1=17.54 sc2=15.39 effect=2.87
dup loop=18.46 pc1=8.76 pc2=16.79 sc1=13.08 sc2=13.61 effect=0.57
none loop=6.44 pc1=11.86 pc2=11.60 sc1=12.29 sc2=13.16 effect=0.99
thin loop=6.72 pc1=7.04 pc2=8.53 sc1=9.31 sc2=14.43 effect=4.09
dup loop=6.28 pc1=8.73 pc2=9.99 sc1=11.26 sc2=10.20 effect=1.37
none loop=8.34 pc1=9.36 pc2=7.97 sc1=11.77 sc2=10.04 effect=2.23
thin loop=7.80 pc1=6.94 pc2=11.21 sc1=14.92 sc2=10.46 effect=3.62
dup loop=7.05 pc1=7.91 pc2=7.48 sc1=10.55 sc2=7.22 effect=1.18
none loop=5.75 pc1=8.84 pc2=8.66 sc1=7.94 sc2=7.56 effect=-1.00
thin loop=5.20 pc1=8.08 pc2=9.62 sc1=8.78 sc2=8.82 effect=-0.06
dup loop=8.02 pc1=7.87 pc2=6.17 sc1=7.96 sc2=9.73 effect=1.82
none loop=9.75 pc1=8.31 pc2=9.71 sc1=8.83 sc2=7.58 effect=-0.80
thin loop=5.80 pc1=6.68 pc2=7.11 sc1=8.66 sc2=9.13 effect=2.00
dup loop=7.88 pc1=7.67 pc2=6.61 sc1=9.21 sc2=9.14 effect=2.04
none loop=6.98 pc1=7.78 pc2=8.68 sc1=7.56 sc2=7.26 effect=-0.82
thin loop=5.62 pc1=8.29 pc2=6.64 sc1=9.38 sc2=8.31 effect=1.37
dup loop=5.07 pc1=6.96 pc2=6.66 sc1=10.01 sc2=8.85 effect=2.62
none loop=5.31 pc1=7.58 pc2=8.93 sc1=7.31 sc2=8.78 effect=-0.21
thin loop=5.48 pc1=6.73 pc2=7.26 sc1=9.18 sc2=7.73 effect=1.46
dup loop=5.24 pc1=6.99 pc2=6.50 sc1=7.95 sc2=8.68 effect=1.57
none loop=5.46 pc1=8.66 pc2=9.03 sc1=10.74 sc2=8.27 effect=0.66
thin loop=6.63 pc1=7.11 pc2=6.18 sc1=7.59 sc2=7.70 effect=1.00
dup loop=5.09 pc1=6.64 pc2=6.27 sc1=7.17 sc2=6.92 effect=0.59
--- median over rounds [min..max], ns per call
none  loop     median=  6.98 [  5.31..  9.90]
none  pc1      median=  8.84 [  7.58.. 17.41]
none  pc2      median=  9.03 [  7.97.. 15.91]
none  sc1      median= 10.00 [  7.31.. 19.40]
none  sc2      median=  8.78 [  7.26.. 13.23]
none  effect   median= -0.34 [ -1.74..  2.23]
thin  loop     median=  6.63 [  5.20..  8.19]
thin  pc1      median=  7.04 [  6.63.. 11.29]
thin  pc2      median=  7.78 [  6.18.. 15.91]
thin  sc1      median=  9.18 [  7.59.. 17.54]
thin  sc2      median=  9.13 [  7.70.. 15.39]
thin  effect   median=  1.85 [ -0.06..  4.09]
dup   loop     median=  7.05 [  5.07.. 18.46]
dup   pc1      median=  7.87 [  6.64.. 11.27]
dup   pc2      median=  6.66 [  6.17.. 16.79]
dup   sc1      median= 10.01 [  7.17.. 13.62]
dup   sc2      median=  9.14 [  6.92.. 19.77]
dup   effect   median=  1.57 [  0.57..  7.36]
