1 none prep_median=65 prep_min=50 prep_p90=97 fin_median=1700 fin_min=376 fin_p90=2176
1 none2 prep_median=91 prep_min=58 prep_p90=125 fin_median=1796 fin_min=477 fin_p90=2833
1 thin prep_median=74 prep_min=51 prep_p90=104 fin_median=1562 fin_min=395 fin_p90=2323
1 dup prep_median=73 prep_min=58 prep_p90=103 fin_median=1809 fin_min=426 fin_p90=2467
10 none prep_median=127 prep_min=90 prep_p90=168 fin_median=941 fin_min=321 fin_p90=2137
10 none2 prep_median=130 prep_min=92 prep_p90=176 fin_median=890 fin_min=398 fin_p90=2003
10 thin prep_median=148 prep_min=106 prep_p90=193 fin_median=1814 fin_min=453 fin_p90=2500
10 dup prep_median=187 prep_min=134 prep_p90=260 fin_median=1696 fin_min=456 fin_p90=3416
100 none prep_median=507 prep_min=428 prep_p90=707 fin_median=1790 fin_min=558 fin_p90=2869
100 none2 prep_median=495 prep_min=429 prep_p90=623 fin_median=1958 fin_min=666 fin_p90=2995
100 thin prep_median=693 prep_min=541 prep_p90=821 fin_median=1900 fin_min=712 fin_p90=3296
100 dup prep_median=1025 prep_min=865 prep_p90=1375 fin_median=2692 fin_min=918 fin_p90=4697
... (36 raw cells in total; full file copied to out/p11_raw.txt)
--- median over rounds of per-cell median, microseconds [min..max over rounds]
prep N=1    none       65 [65..85]
prep N=1    none2      76 [69..91]
prep N=1    thin       87 [74..93]
prep N=1    dup        87 [73..91]
prep N=10   none      139 [127..139]
prep N=10   none2     123 [115..130]
prep N=10   thin      147 [123..148]
prep N=10   dup       190 [187..196]
prep N=100  none      507 [504..523]
prep N=100  none2     522 [495..547]
prep N=100  thin      720 [693..730]
prep N=100  dup      1025 [1025..1043]
fin  N=1    none     1710 [1700..1895]
fin  N=1    none2    1810 [1796..1888]
fin  N=1    thin     2142 [1562..2341]
fin  N=1    dup      2138 [1809..2319]
fin  N=10   none     2192 [941..2315]
fin  N=10   none2    1914 [890..2125]
fin  N=10   thin     1814 [1643..2193]
fin  N=10   dup      2345 [1696..2501]
fin  N=100  none     2283 [1790..2397]
fin  N=100  none2    2305 [1958..2502]
fin  N=100  thin     2198 [1900..2868]
fin  N=100  dup      2897 [2692..3015]
