  output:<<"">>

=======================================================
  Failed: 54.  Skipped: 0.  Passed: 1249.
RESULT error
tests 1303 failures 0 errors 54 skipped 0
FAIL TEST-absent_option_tests.xml:absent_option_tests:0 a_map_value_is_filled_test
FAIL TEST-absent_option_tests.xml:absent_option_tests:0 openrouter_reply_keeps_its_id_test
FAIL TEST-absent_option_tests.xml:absent_option_tests:0 to_json_on_a_whole_value_encodes_nothing_as_before_test
FAIL TEST-absent_option_tests.xml:absent_option_tests:0 typesafe_reply_gets_nothing_and_keeps_its_extras_test
FAIL TEST-cli_tests.xml:cli_tests:0 batch_runs_every_entry_in_one_vm_and_attributes_each
FAIL TEST-construct_union_tests.xml:construct_union_tests:0 the_json_channel_carries_the_members_test
FAIL TEST-construct_union_tests.xml:construct_union_tests:0 the_json_channel_tells_records_from_shapes_test
FAIL TEST-corrected_signature_tests.xml:corrected_signature_tests:0 a_declared_form_nothing_can_write_is_named_as_printed_test
FAIL TEST-corrected_signature_tests.xml:corrected_signature_tests:0 a_refused_declaration_is_reported_as_a_defect_test
FAIL TEST-corrected_signature_tests.xml:corrected_signature_tests:0 an_unnamed_paste_back_failure_is_reported_as_a_defect_test
FAIL TEST-diagnostic_json_tests.xml:diagnostic_json_tests:0 a_path_is_utf8_on_the_wire_test
FAIL TEST-diagnostic_json_tests.xml:diagnostic_json_tests:0 a_raised_condition_is_json_too_test
FAIL TEST-diagnostic_json_tests.xml:diagnostic_json_tests:0 a_warning_is_json_and_still_compiles_test
FAIL TEST-diagnostic_json_tests.xml:diagnostic_json_tests:0 an_empty_list_is_an_array_test
FAIL TEST-diagnostic_json_tests.xml:diagnostic_json_tests:0 an_unclassified_detail_is_printed_text_test
FAIL TEST-diagnostic_json_tests.xml:diagnostic_json_tests:0 the_api_answer_is_json_test
FAIL TEST-diagnostic_json_tests.xml:diagnostic_json_tests:0 the_bare_name_arities_are_an_array_on_the_wire_test
FAIL TEST-diagnostic_json_tests.xml:diagnostic_json_tests:0 the_declared_arities_are_an_array_on_the_wire_test
FAIL TEST-diagnostic_json_tests.xml:diagnostic_json_tests:0 the_json_is_published_on_stdout_test
FAIL TEST-diagnostic_json_tests.xml:diagnostic_json_tests:0 the_json_is_the_term_test
FAIL TEST-diagnostic_json_tests.xml:diagnostic_json_tests:0 the_prose_is_unchanged_under_json_test
FAIL TEST-diagnostic_term_tests.xml:diagnostic_term_tests:0 the_diagnostics_gate_passes_test
FAIL TEST-float_tests.xml:float_tests:0 a_negative_zero_head_is_its_own_case_test
FAIL TEST-float_tests.xml:float_tests:0 the_float_zero_head_matches_positive_zero_alone_test
FAIL TEST-float_tests.xml:float_tests:0 the_obligations_carry_the_part_test
FAIL TEST-map_construction_tests.xml:map_construction_tests:0 to_json_writes_it_untagged_test
FAIL TEST-map_validate_tests.xml:map_validate_tests:0 a_bad_key_is_blamed_at_itself_with_the_key_type_expected_test
FAIL TEST-map_validate_tests.xml:map_validate_tests:0 a_bad_value_is_blamed_at_its_key_with_the_value_type_expected_test
FAIL TEST-map_validate_tests.xml:map_validate_tests:0 a_bare_map_beside_a_domain_is_an_alternative_test
FAIL TEST-map_validate_tests.xml:map_validate_tests:0 a_key_the_language_cannot_spell_blames_the_map_test
FAIL TEST-map_validate_tests.xml:map_validate_tests:0 a_map_inside_a_record_composes_the_other_way_test
FAIL TEST-map_validate_tests.xml:map_validate_tests:0 a_record_beside_a_domain_keeps_its_own_blame_test
FAIL TEST-map_validate_tests.xml:map_validate_tests:0 a_well_formed_map_comes_back_unchanged_test
FAIL TEST-map_validate_tests.xml:map_validate_tests:0 an_atom_key_the_sigil_can_spell_is_bare_test
FAIL TEST-map_validate_tests.xml:map_validate_tests:0 an_atom_key_the_sigil_cannot_spell_is_quoted_test
FAIL TEST-map_validate_tests.xml:map_validate_tests:0 an_empty_map_passes_test
FAIL TEST-map_validate_tests.xml:map_validate_tests:0 an_int_key_is_spelled_as_digits_test
FAIL TEST-map_validate_tests.xml:map_validate_tests:0 an_unspellable_key_under_a_well_formed_entry_passes_test
FAIL TEST-map_validate_tests.xml:map_validate_tests:0 the_first_offending_entry_in_key_order_is_blamed_test
FAIL TEST-map_validate_tests.xml:map_validate_tests:0 the_foreign_map_route_is_whole_test
FAIL TEST-map_validate_tests.xml:map_validate_tests:0 the_path_composes_through_a_map_test
FAIL TEST-non_numeric_operand_tests.xml:non_numeric_operand_tests:0 a_non_ascii_literal_is_advised_as_written_test
FAIL TEST-open_field_set_tests.xml:open_field_set_tests:0 a_named_key_is_still_required_test
FAIL TEST-open_field_set_tests.xml:open_field_set_tests:0 an_open_type_admits_extra_keys_test
FAIL TEST-string_key_tests.xml:string_key_tests:0 to_json_writes_the_wire_keys_test
FAIL TEST-string_key_tests.xml:string_key_tests:0 validate_as_accepts_decoded_json_test
FAIL TEST-strings_tests.xml:strings_tests:0 the_cli_prints_a_binary_keyed_map_test
FAIL TEST-to_json_tests.xml:to_json_tests:0 a_record_is_an_object_with_its_kind_test
FAIL TEST-to_json_tests.xml:to_json_tests:0 a_recursive_record_encodes_test
FAIL TEST-to_json_tests.xml:to_json_tests:0 a_validation_error_goes_on_the_wire_test
FAIL TEST-to_json_tests.xml:to_json_tests:0 an_absent_option_is_the_string_nothing_test
FAIL TEST-to_json_tests.xml:to_json_tests:0 lists_atoms_and_maps_follow_the_platform_test
FAIL TEST-validate_as_tests.xml:validate_as_tests:0 a_tagged_payload_validates_test
FAIL TEST-validation_error_record_tests.xml:validation_error_record_tests:0 the_value_goes_on_the_wire_test
