value >= 0 and value <= 255                      ACCEPTED
value >= -5                                      ACCEPTED
value >= -5 and value <= 5                       ACCEPTED
value >= 1 or value <= -1                        ACCEPTED
value <= 3 or value >= 10                        ACCEPTED
value != 0                                       ACCEPTED
value != -1                                      ACCEPTED
value == -3                                      REFUSED: /tmp/tmp.q9ZBGit1SG/M8/m8.bs:0: bad range type
value > -1                                       ACCEPTED
-5 <= value                                      ACCEPTED
value >= 0 - 5                                   ACCEPTED
value >= 2 + 3                                   ACCEPTED
value >= -(-5)                                   ACCEPTED
value >= -(5)                                    ACCEPTED
value >= (-5)                                    ACCEPTED
value >= - 5                                     ACCEPTED
value >= -0                                      ACCEPTED
value >= 5 - 10                                  ACCEPTED
value >= 2 * 3                                   ACCEPTED
value >= 1 + 2 * 3                               ACCEPTED
value >= -5 + 0                                  ACCEPTED
value < 0 or value > 10                          ACCEPTED
value >= -100 and value <= 100                   ACCEPTED
