################################ variant: base
--- private functions as emitted:
'Inner'(O) when map_get('Kind', O) =:= 'Forge.Order' ->
    map_get('Total', O).

'Scale'(N) ->
    N * 2.

'Big'(N) when N >= 100 ->
    big;
'Big'(_N) ->
'SumAll'([], Acc) ->
    Acc;
'SumAll'([O | Rest], Acc) ->
--- forged calls:
Nested(cart(bad_tag,..))           -> CRASH error:function_clause  in 'Forge':'Inner'/1
Nested(cart(no_tag,..))            -> CRASH error:function_clause  in 'Forge':'Inner'/1
Field(cart(good,1.5))              -> RETURNED 3.0  (silent)
Field(cart(good,foo))              -> CRASH error:badarith  in erlang:'*'/2
Oct(cart(..,Oct=5))  control       -> RETURNED 10  (silent)
Oct(cart(..,Oct=300))              -> RETURNED 600  (silent)
Oct(cart(..,Oct=1.5))              -> RETURNED 3.0  (silent)
FieldBig(cart(good,foo))           -> RETURNED big  (silent)
FieldBig(cart(good,<<>>))          -> RETURNED big  (silent)
Sum(items=[good,bad_tag])          -> CRASH error:function_clause  in 'Forge':'Inner'/1
SumList([good,bad_tag])            -> CRASH error:function_clause  in 'Forge':'Inner'/1
Mapped([good,bad_tag])             -> CRASH error:function_clause  in 'Forge':'Inner'/1
Compare(cart(good,foo))            -> RETURNED small  (silent)
Compare(cart(good,1.5))            -> RETURNED small  (silent)
error:function_clause
  [{'Forge','Inner',[#{'Kind' => 'Forge.Invoice','Id' => 1,'Total' => 7}],8},
   {drive,'-main/0-lc$^22/1-0-',1,48},
   {drive,main,0,49},
   {erl_eval,do_apply,7,920},
   {erl_eval,exprs,6,276},
   {init,start_it,1,undefined},
   {init,start_em,1,undefined},
   {init,do_boot,3,undefined}]
error:function_clause
  [{'Forge','Direct',[#{'Kind' => 'Forge.Invoice','Id' => 1,'Total' => 7}],28},
   {drive,'-main/0-lc$^22/1-0-',1,48},
   {drive,main,0,49},
   {erl_eval,do_apply,7,920},
   {erl_eval,exprs,6,276},
   {init,start_it,1,undefined},
   {init,start_em,1,undefined},
   {init,do_boot,3,undefined}]
################################ variant: narrow
--- private functions as emitted:
'Inner'(O) ->
    map_get('Total', O).

'Scale'(N) ->
    N * 2.

'Big'(N) when N >= 100 ->
    big;
'Big'(_N) ->
'SumAll'([], Acc) ->
    Acc;
'SumAll'([O | Rest], Acc) ->
--- forged calls:
Nested(cart(bad_tag,..))           -> RETURNED 7  (silent)
Nested(cart(no_tag,..))            -> RETURNED 7  (silent)
Field(cart(good,1.5))              -> RETURNED 3.0  (silent)
Field(cart(good,foo))              -> CRASH error:badarith  in erlang:'*'/2
Oct(cart(..,Oct=5))  control       -> RETURNED 10  (silent)
Oct(cart(..,Oct=300))              -> RETURNED 600  (silent)
Oct(cart(..,Oct=1.5))              -> RETURNED 3.0  (silent)
FieldBig(cart(good,foo))           -> RETURNED big  (silent)
FieldBig(cart(good,<<>>))          -> RETURNED big  (silent)
Sum(items=[good,bad_tag])          -> RETURNED 14  (silent)
SumList([good,bad_tag])            -> RETURNED 14  (silent)
Mapped([good,bad_tag])             -> RETURNED [7,7]  (silent)
Compare(cart(good,foo))            -> RETURNED small  (silent)
Compare(cart(good,1.5))            -> RETURNED small  (silent)
error:function_clause
  [{'Forge','Direct',[#{'Kind' => 'Forge.Invoice','Id' => 1,'Total' => 7}],28},
   {drive,'-main/0-lc$^22/1-0-',1,48},
   {drive,main,0,49},
   {erl_eval,do_apply,7,920},
   {erl_eval,exprs,6,276},
   {init,start_it,1,undefined},
   {init,start_em,1,undefined},
   {init,do_boot,3,undefined}]
################################ variant: wide
--- private functions as emitted:
'Inner'(O) when map_get('Kind', O) =:= 'Forge.Order' ->
    map_get('Total', O).

'Scale'(N) when is_integer(N) ->
    N * 2.

'Big'(N)
    when
        is_integer(N)
'Big'(N) when is_integer(N) ->
    small.

'SumAll'([], Acc) when is_integer(Acc) ->
    Acc;
--- forged calls:
Nested(cart(bad_tag,..))           -> CRASH error:function_clause  in 'Forge':'Inner'/1
Nested(cart(no_tag,..))            -> CRASH error:function_clause  in 'Forge':'Inner'/1
Field(cart(good,1.5))              -> CRASH error:function_clause  in 'Forge':'Scale'/1
Field(cart(good,foo))              -> CRASH error:function_clause  in 'Forge':'Scale'/1
Oct(cart(..,Oct=5))  control       -> RETURNED 10  (silent)
Oct(cart(..,Oct=300))              -> CRASH error:function_clause  in 'Forge':'ScaleO'/1
Oct(cart(..,Oct=1.5))              -> CRASH error:function_clause  in 'Forge':'ScaleO'/1
FieldBig(cart(good,foo))           -> CRASH error:function_clause  in 'Forge':'Big'/1
FieldBig(cart(good,<<>>))          -> CRASH error:function_clause  in 'Forge':'Big'/1
Sum(items=[good,bad_tag])          -> CRASH error:function_clause  in 'Forge':'Inner'/1
SumList([good,bad_tag])            -> CRASH error:function_clause  in 'Forge':'Inner'/1
Mapped([good,bad_tag])             -> CRASH error:function_clause  in 'Forge':'Inner'/1
Compare(cart(good,foo))            -> RETURNED small  (silent)
Compare(cart(good,1.5))            -> RETURNED small  (silent)
error:function_clause
  [{'Forge','Inner',[#{'Kind' => 'Forge.Invoice','Id' => 1,'Total' => 7}],8},
   {drive,'-main/0-lc$^22/1-0-',1,48},
   {drive,main,0,49},
   {erl_eval,do_apply,7,920},
   {erl_eval,exprs,6,276},
   {init,start_it,1,undefined},
   {init,start_em,1,undefined},
   {init,do_boot,3,undefined}]
error:function_clause
  [{'Forge','Direct',[#{'Kind' => 'Forge.Invoice','Id' => 1,'Total' => 7}],28},
   {drive,'-main/0-lc$^22/1-0-',1,48},
   {drive,main,0,49},
   {erl_eval,do_apply,7,920},
   {erl_eval,exprs,6,276},
   {init,start_it,1,undefined},
   {init,start_em,1,undefined},
   {init,do_boot,3,undefined}]
################################ variant: proj
--- private functions as emitted:
'Inner'(O) ->
    map_get('Total', O).

'Scale'(N) ->
    N * 2.

'Big'(N) when N >= 100 ->
    big;
'Big'(_N) ->
'SumAll'([], Acc) ->
    Acc;
'SumAll'([O | Rest], Acc) ->
--- forged calls:
Nested(cart(bad_tag,..))           -> CRASH error:function_clause  in 'Forge':'Nested'/1
Nested(cart(no_tag,..))            -> CRASH error:function_clause  in 'Forge':'Nested'/1
Field(cart(good,1.5))              -> CRASH error:function_clause  in 'Forge':'Field'/1
Field(cart(good,foo))              -> CRASH error:function_clause  in 'Forge':'Field'/1
Oct(cart(..,Oct=5))  control       -> RETURNED 10  (silent)
Oct(cart(..,Oct=300))              -> RETURNED 600  (silent)
Oct(cart(..,Oct=1.5))              -> CRASH error:function_clause  in 'Forge':'Oct'/1
FieldBig(cart(good,foo))           -> CRASH error:function_clause  in 'Forge':'FieldBig'/1
FieldBig(cart(good,<<>>))          -> CRASH error:function_clause  in 'Forge':'FieldBig'/1
Sum(items=[good,bad_tag])          -> RETURNED 14  (silent)
SumList([good,bad_tag])            -> RETURNED 14  (silent)
Mapped([good,bad_tag])             -> RETURNED [7,7]  (silent)
Compare(cart(good,foo))            -> CRASH error:function_clause  in 'Forge':'Compare'/1
Compare(cart(good,1.5))            -> CRASH error:function_clause  in 'Forge':'Compare'/1
error:function_clause
  [{'Forge','Nested',
            [#{'Item' => #{'Kind' => 'Forge.Invoice','Id' => 1,'Total' => 7},
               'Items' => [],'Kind' => 'Forge.Cart','Oct' => 5,'Qty' => 3}],
            32},
   {drive,'-main/0-lc$^22/1-0-',1,48},
   {drive,main,0,49},
   {erl_eval,do_apply,7,920},
   {erl_eval,exprs,6,276},
   {init,start_it,1,undefined},
   {init,start_em,1,undefined},
   {init,do_boot,3,undefined}]
error:function_clause
  [{'Forge','Direct',[#{'Kind' => 'Forge.Invoice','Id' => 1,'Total' => 7}],28},
   {drive,'-main/0-lc$^22/1-0-',1,48},
   {drive,main,0,49},
   {erl_eval,do_apply,7,920},
   {erl_eval,exprs,6,276},
   {init,start_it,1,undefined},
   {init,start_em,1,undefined},
   {init,do_boot,3,undefined}]
