loop functions as emitted (HotB=base, HotN=narrow, HotW=wide):
--- HotB
'Step'(O, Acc) when map_get('Kind', O) =:= 'HotB.Order' ->
    Acc + map_get('Total', O).
'Loop'(O, 0, Acc) when map_get('Kind', O) =:= 'HotB.Order' ->
    Acc;
'Loop'(O, N, Acc) when map_get('Kind', O) =:= 'HotB.Order' ->
    'Loop'(O, N - 1, 'Step'(O, Acc)).
--- HotN
'Step'(O, Acc) ->
    Acc + map_get('Total', O).
'Loop'(_O, 0, Acc) ->
    Acc;
'Loop'(O, N, Acc) ->
    'Loop'(O, N - 1, 'Step'(O, Acc)).
--- HotW
'Step'(O, Acc)
    when
        map_get('Kind', O) =:= 'HotW.Order'
        andalso
        is_integer(Acc) ->
    Acc + map_get('Total', O).
'Loop'(O, 0, Acc)
    when
        map_get('Kind', O) =:= 'HotW.Order'
        andalso
        is_integer(Acc) ->
    Acc;
'Loop'(O, N, Acc)
    when
        map_get('Kind', O) =:= 'HotW.Order'
        andalso
        is_integer(N)
        andalso
        is_integer(Acc) ->
    'Loop'(O, N - 1, 'Step'(O, Acc)).
--- HotE
'Step'(O, Acc) when map_get('Kind', O) =:= 'HotE.Order' ->
    Acc + map_get('Total', O).
'Loop'(O, 0, Acc)
    when
        map_get('Kind', O) =:= 'HotE.Order'
        andalso
        is_integer(Acc) ->
    Acc;
'Loop'(O, N, Acc)
    when
        map_get('Kind', O) =:= 'HotE.Order'
        andalso
        is_integer(N)
        andalso
        is_integer(Acc) ->
    'Loop'(O, N - 1, 'Step'(O, Acc)).

guard tests that SURVIVE in the BEAM code (disassembly), per function:
  HotB Step/2  is_integer=0  tag map_get('Kind')=1
  HotB Loop/3  is_integer=0  tag map_get('Kind')=2
  HotN Step/2  is_integer=0  tag map_get('Kind')=0
  HotN Loop/3  is_integer=0  tag map_get('Kind')=0
  HotW Step/2  is_integer=0  tag map_get('Kind')=1
  HotW Loop/3  is_integer=2  tag map_get('Kind')=2
  HotE Step/2  is_integer=0  tag map_get('Kind')=1
  HotE Loop/3  is_integer=3  tag map_get('Kind')=2

load average before: 12.87 13.92 14.85   nproc=4
mod        median        min        max    max-min   (ns per loop iteration; N=5000000 x 41 rounds, rotated order)
HotB       13.653     12.671     19.543      6.872
HotN       10.900     10.164     14.884      4.720
HotW       14.578     13.399     24.830     11.431
HotX       14.055     12.688     18.961      6.273
HotE       14.878     13.867     24.635     10.768

noise floor (HotB vs HotX, identical code), median diff: -0.402 ns/iter
narrow - base (private tag test removed):        -2.752 ns/iter
wide   - base (private int kind test added):     0.926 ns/iter
exported Loop (today's cost of the same guards, base compiler) - base: 1.225 ns/iter
load average after: 13.40 13.97 14.85
